00:31:43 **** Build of project RTOS_CPP_NEURONAL_bsp ****
make -k all 
Running Make include in ps7_cortexa9_0/libsrc/ddrps_v1_0/src
make -C ps7_cortexa9_0/libsrc/ddrps_v1_0/src -s include  "SHELL=/bin/sh" "COMPILER=arm-none-eabi-gcc" "ARCHIVER=arm-none-eabi-ar" "COMPILER_FLAGS=  -O2 -c" "EXTRA_COMPILER_FLAGS=-mcpu=cortex-a9 -mfpu=vfpv3 -mfloat-abi=hard -nostartfiles -g -Wall -Wextra"
Running Make include in ps7_cortexa9_0/libsrc/sdps_v3_6/src
make -C ps7_cortexa9_0/libsrc/sdps_v3_6/src -s include  "SHELL=/bin/sh" "COMPILER=arm-none-eabi-gcc" "ARCHIVER=arm-none-eabi-ar" "COMPILER_FLAGS=  -O2 -c" "EXTRA_COMPILER_FLAGS=-mcpu=cortex-a9 -mfpu=vfpv3 -mfloat-abi=hard -nostartfiles -g -Wall -Wextra"
Running Make include in ps7_cortexa9_0/libsrc/dmaps_v2_4/src
make -C ps7_cortexa9_0/libsrc/dmaps_v2_4/src -s include  "SHELL=/bin/sh" "COMPILER=arm-none-eabi-gcc" "ARCHIVER=arm-none-eabi-ar" "COMPILER_FLAGS=  -O2 -c" "EXTRA_COMPILER_FLAGS=-mcpu=cortex-a9 -mfpu=vfpv3 -mfloat-abi=hard -nostartfiles -g -Wall -Wextra"
Running Make include in ps7_cortexa9_0/libsrc/cpu_cortexa9_v2_7/src
make -C ps7_cortexa9_0/libsrc/cpu_cortexa9_v2_7/src -s include  "SHELL=/bin/sh" "COMPILER=arm-none-eabi-gcc" "ARCHIVER=arm-none-eabi-ar" "COMPILER_FLAGS=  -O2 -c" "EXTRA_COMPILER_FLAGS=-mcpu=cortex-a9 -mfpu=vfpv3 -mfloat-abi=hard -nostartfiles -g -Wall -Wextra"
Running Make include in ps7_cortexa9_0/libsrc/emacps_v3_8/src
make -C ps7_cortexa9_0/libsrc/emacps_v3_8/src -s include  "SHELL=/bin/sh" "COMPILER=arm-none-eabi-gcc" "ARCHIVER=arm-none-eabi-ar" "COMPILER_FLAGS=  -O2 -c" "EXTRA_COMPILER_FLAGS=-mcpu=cortex-a9 -mfpu=vfpv3 -mfloat-abi=hard -nostartfiles -g -Wall -Wextra"
Running Make include in ps7_cortexa9_0/libsrc/qspips_v3_5/src
make -C ps7_cortexa9_0/libsrc/qspips_v3_5/src -s include  "SHELL=/bin/sh" "COMPILER=arm-none-eabi-gcc" "ARCHIVER=arm-none-eabi-ar" "COMPILER_FLAGS=  -O2 -c" "EXTRA_COMPILER_FLAGS=-mcpu=cortex-a9 -mfpu=vfpv3 -mfloat-abi=hard -nostartfiles -g -Wall -Wextra"
Running Make include in ps7_cortexa9_0/libsrc/axidma_v9_8/src
make -C ps7_cortexa9_0/libsrc/axidma_v9_8/src -s include  "SHELL=/bin/sh" "COMPILER=arm-none-eabi-gcc" "ARCHIVER=arm-none-eabi-ar" "COMPILER_FLAGS=  -O2 -c" "EXTRA_COMPILER_FLAGS=-mcpu=cortex-a9 -mfpu=vfpv3 -mfloat-abi=hard -nostartfiles -g -Wall -Wextra"
Running Make include in ps7_cortexa9_0/libsrc/GapJunctionIP_v1_0/src
make -C ps7_cortexa9_0/libsrc/GapJunctionIP_v1_0/src -s include  "SHELL=/bin/sh" "COMPILER=arm-none-eabi-gcc" "ARCHIVER=arm-none-eabi-ar" "COMPILER_FLAGS=  -O2 -c" "EXTRA_COMPILER_FLAGS=-mcpu=cortex-a9 -mfpu=vfpv3 -mfloat-abi=hard -nostartfiles -g -Wall -Wextra"
Running Make include in ps7_cortexa9_0/libsrc/scugic_v3_10/src
make -C ps7_cortexa9_0/libsrc/scugic_v3_10/src -s include  "SHELL=/bin/sh" "COMPILER=arm-none-eabi-gcc" "ARCHIVER=arm-none-eabi-ar" "COMPILER_FLAGS=  -O2 -c" "EXTRA_COMPILER_FLAGS=-mcpu=cortex-a9 -mfpu=vfpv3 -mfloat-abi=hard -nostartfiles -g -Wall -Wextra"
Running Make include in ps7_cortexa9_0/libsrc/xadcps_v2_3/src
make -C ps7_cortexa9_0/libsrc/xadcps_v2_3/src -s include  "SHELL=/bin/sh" "COMPILER=arm-none-eabi-gcc" "ARCHIVER=arm-none-eabi-ar" "COMPILER_FLAGS=  -O2 -c" "EXTRA_COMPILER_FLAGS=-mcpu=cortex-a9 -mfpu=vfpv3 -mfloat-abi=hard -nostartfiles -g -Wall -Wextra"
Running Make include in ps7_cortexa9_0/libsrc/devcfg_v3_5/src
make -C ps7_cortexa9_0/libsrc/devcfg_v3_5/src -s include  "SHELL=/bin/sh" "COMPILER=arm-none-eabi-gcc" "ARCHIVER=arm-none-eabi-ar" "COMPILER_FLAGS=  -O2 -c" "EXTRA_COMPILER_FLAGS=-mcpu=cortex-a9 -mfpu=vfpv3 -mfloat-abi=hard -nostartfiles -g -Wall -Wextra"
Running Make include in ps7_cortexa9_0/libsrc/scuwdt_v2_1/src
make -C ps7_cortexa9_0/libsrc/scuwdt_v2_1/src -s include  "SHELL=/bin/sh" "COMPILER=arm-none-eabi-gcc" "ARCHIVER=arm-none-eabi-ar" "COMPILER_FLAGS=  -O2 -c" "EXTRA_COMPILER_FLAGS=-mcpu=cortex-a9 -mfpu=vfpv3 -mfloat-abi=hard -nostartfiles -g -Wall -Wextra"
Running Make include in ps7_cortexa9_0/libsrc/uartps_v3_7/src
make -C ps7_cortexa9_0/libsrc/uartps_v3_7/src -s include  "SHELL=/bin/sh" "COMPILER=arm-none-eabi-gcc" "ARCHIVER=arm-none-eabi-ar" "COMPILER_FLAGS=  -O2 -c" "EXTRA_COMPILER_FLAGS=-mcpu=cortex-a9 -mfpu=vfpv3 -mfloat-abi=hard -nostartfiles -g -Wall -Wextra"
Running Make include in ps7_cortexa9_0/libsrc/freertos10_xilinx_v1_2/src
make -C ps7_cortexa9_0/libsrc/freertos10_xilinx_v1_2/src -s include  "SHELL=/bin/sh" "COMPILER=arm-none-eabi-gcc" "ARCHIVER=arm-none-eabi-ar" "COMPILER_FLAGS=  -O2 -c" "EXTRA_COMPILER_FLAGS=-mcpu=cortex-a9 -mfpu=vfpv3 -mfloat-abi=hard -nostartfiles -g -Wall -Wextra"
include
Running Make include in ps7_cortexa9_0/libsrc/coresightps_dcc_v1_4/src
make -C ps7_cortexa9_0/libsrc/coresightps_dcc_v1_4/src -s include  "SHELL=/bin/sh" "COMPILER=arm-none-eabi-gcc" "ARCHIVER=arm-none-eabi-ar" "COMPILER_FLAGS=  -O2 -c" "EXTRA_COMPILER_FLAGS=-mcpu=cortex-a9 -mfpu=vfpv3 -mfloat-abi=hard -nostartfiles -g -Wall -Wextra"
Running Make include in ps7_cortexa9_0/libsrc/scutimer_v2_1/src
make -C ps7_cortexa9_0/libsrc/scutimer_v2_1/src -s include  "SHELL=/bin/sh" "COMPILER=arm-none-eabi-gcc" "ARCHIVER=arm-none-eabi-ar" "COMPILER_FLAGS=  -O2 -c" "EXTRA_COMPILER_FLAGS=-mcpu=cortex-a9 -mfpu=vfpv3 -mfloat-abi=hard -nostartfiles -g -Wall -Wextra"
Running Make libs in ps7_cortexa9_0/libsrc/ddrps_v1_0/src
make -C ps7_cortexa9_0/libsrc/ddrps_v1_0/src -s libs  "SHELL=/bin/sh" "COMPILER=arm-none-eabi-gcc" "ARCHIVER=arm-none-eabi-ar" "COMPILER_FLAGS=  -O2 -c" "EXTRA_COMPILER_FLAGS=-mcpu=cortex-a9 -mfpu=vfpv3 -mfloat-abi=hard -nostartfiles -g -Wall -Wextra"
Compiling ddrps
arm-none-eabi-ar: creating ../../../lib/libxil.a
Running Make libs in ps7_cortexa9_0/libsrc/sdps_v3_6/src
make -C ps7_cortexa9_0/libsrc/sdps_v3_6/src -s libs  "SHELL=/bin/sh" "COMPILER=arm-none-eabi-gcc" "ARCHIVER=arm-none-eabi-ar" "COMPILER_FLAGS=  -O2 -c" "EXTRA_COMPILER_FLAGS=-mcpu=cortex-a9 -mfpu=vfpv3 -mfloat-abi=hard -nostartfiles -g -Wall -Wextra"
Compiling sdps
Running Make libs in ps7_cortexa9_0/libsrc/dmaps_v2_4/src
make -C ps7_cortexa9_0/libsrc/dmaps_v2_4/src -s libs  "SHELL=/bin/sh" "COMPILER=arm-none-eabi-gcc" "ARCHIVER=arm-none-eabi-ar" "COMPILER_FLAGS=  -O2 -c" "EXTRA_COMPILER_FLAGS=-mcpu=cortex-a9 -mfpu=vfpv3 -mfloat-abi=hard -nostartfiles -g -Wall -Wextra"
Compiling dmaps
Running Make libs in ps7_cortexa9_0/libsrc/cpu_cortexa9_v2_7/src
make -C ps7_cortexa9_0/libsrc/cpu_cortexa9_v2_7/src -s libs  "SHELL=/bin/sh" "COMPILER=arm-none-eabi-gcc" "ARCHIVER=arm-none-eabi-ar" "COMPILER_FLAGS=  -O2 -c" "EXTRA_COMPILER_FLAGS=-mcpu=cortex-a9 -mfpu=vfpv3 -mfloat-abi=hard -nostartfiles -g -Wall -Wextra"
Compiling cpu_cortexa9
Running Make libs in ps7_cortexa9_0/libsrc/emacps_v3_8/src
make -C ps7_cortexa9_0/libsrc/emacps_v3_8/src -s libs  "SHELL=/bin/sh" "COMPILER=arm-none-eabi-gcc" "ARCHIVER=arm-none-eabi-ar" "COMPILER_FLAGS=  -O2 -c" "EXTRA_COMPILER_FLAGS=-mcpu=cortex-a9 -mfpu=vfpv3 -mfloat-abi=hard -nostartfiles -g -Wall -Wextra"
Compiling emacps
Running Make libs in ps7_cortexa9_0/libsrc/qspips_v3_5/src
make -C ps7_cortexa9_0/libsrc/qspips_v3_5/src -s libs  "SHELL=/bin/sh" "COMPILER=arm-none-eabi-gcc" "ARCHIVER=arm-none-eabi-ar" "COMPILER_FLAGS=  -O2 -c" "EXTRA_COMPILER_FLAGS=-mcpu=cortex-a9 -mfpu=vfpv3 -mfloat-abi=hard -nostartfiles -g -Wall -Wextra"
Compiling qspips
Running Make libs in ps7_cortexa9_0/libsrc/axidma_v9_8/src
make -C ps7_cortexa9_0/libsrc/axidma_v9_8/src -s libs  "SHELL=/bin/sh" "COMPILER=arm-none-eabi-gcc" "ARCHIVER=arm-none-eabi-ar" "COMPILER_FLAGS=  -O2 -c" "EXTRA_COMPILER_FLAGS=-mcpu=cortex-a9 -mfpu=vfpv3 -mfloat-abi=hard -nostartfiles -g -Wall -Wextra"
Compiling axidma
Running Make libs in ps7_cortexa9_0/libsrc/GapJunctionIP_v1_0/src
make -C ps7_cortexa9_0/libsrc/GapJunctionIP_v1_0/src -s libs  "SHELL=/bin/sh" "COMPILER=arm-none-eabi-gcc" "ARCHIVER=arm-none-eabi-ar" "COMPILER_FLAGS=  -O2 -c" "EXTRA_COMPILER_FLAGS=-mcpu=cortex-a9 -mfpu=vfpv3 -mfloat-abi=hard -nostartfiles -g -Wall -Wextra"
Compiling GapJunctionIP
Running Make libs in ps7_cortexa9_0/libsrc/scugic_v3_10/src
make -C ps7_cortexa9_0/libsrc/scugic_v3_10/src -s libs  "SHELL=/bin/sh" "COMPILER=arm-none-eabi-gcc" "ARCHIVER=arm-none-eabi-ar" "COMPILER_FLAGS=  -O2 -c" "EXTRA_COMPILER_FLAGS=-mcpu=cortex-a9 -mfpu=vfpv3 -mfloat-abi=hard -nostartfiles -g -Wall -Wextra"
Compiling scugic
Running Make libs in ps7_cortexa9_0/libsrc/xadcps_v2_3/src
make -C ps7_cortexa9_0/libsrc/xadcps_v2_3/src -s libs  "SHELL=/bin/sh" "COMPILER=arm-none-eabi-gcc" "ARCHIVER=arm-none-eabi-ar" "COMPILER_FLAGS=  -O2 -c" "EXTRA_COMPILER_FLAGS=-mcpu=cortex-a9 -mfpu=vfpv3 -mfloat-abi=hard -nostartfiles -g -Wall -Wextra"
Compiling xadcps
Running Make libs in ps7_cortexa9_0/libsrc/devcfg_v3_5/src
make -C ps7_cortexa9_0/libsrc/devcfg_v3_5/src -s libs  "SHELL=/bin/sh" "COMPILER=arm-none-eabi-gcc" "ARCHIVER=arm-none-eabi-ar" "COMPILER_FLAGS=  -O2 -c" "EXTRA_COMPILER_FLAGS=-mcpu=cortex-a9 -mfpu=vfpv3 -mfloat-abi=hard -nostartfiles -g -Wall -Wextra"
Compiling devcfg
Running Make libs in ps7_cortexa9_0/libsrc/scuwdt_v2_1/src
make -C ps7_cortexa9_0/libsrc/scuwdt_v2_1/src -s libs  "SHELL=/bin/sh" "COMPILER=arm-none-eabi-gcc" "ARCHIVER=arm-none-eabi-ar" "COMPILER_FLAGS=  -O2 -c" "EXTRA_COMPILER_FLAGS=-mcpu=cortex-a9 -mfpu=vfpv3 -mfloat-abi=hard -nostartfiles -g -Wall -Wextra"
Compiling scuwdt
Running Make libs in ps7_cortexa9_0/libsrc/uartps_v3_7/src
make -C ps7_cortexa9_0/libsrc/uartps_v3_7/src -s libs  "SHELL=/bin/sh" "COMPILER=arm-none-eabi-gcc" "ARCHIVER=arm-none-eabi-ar" "COMPILER_FLAGS=  -O2 -c" "EXTRA_COMPILER_FLAGS=-mcpu=cortex-a9 -mfpu=vfpv3 -mfloat-abi=hard -nostartfiles -g -Wall -Wextra"
Compiling uartps
Running Make libs in ps7_cortexa9_0/libsrc/freertos10_xilinx_v1_2/src
make -C ps7_cortexa9_0/libsrc/freertos10_xilinx_v1_2/src -s libs  "SHELL=/bin/sh" "COMPILER=arm-none-eabi-gcc" "ARCHIVER=arm-none-eabi-ar" "COMPILER_FLAGS=  -O2 -c" "EXTRA_COMPILER_FLAGS=-mcpu=cortex-a9 -mfpu=vfpv3 -mfloat-abi=hard -nostartfiles -g -Wall -Wextra"
Compiling standalone
Compiling FreeRTOS
arm-none-eabi-ar: creating ../../../lib/libfreertos.a
Running Make libs in ps7_cortexa9_0/libsrc/coresightps_dcc_v1_4/src
make -C ps7_cortexa9_0/libsrc/coresightps_dcc_v1_4/src -s libs  "SHELL=/bin/sh" "COMPILER=arm-none-eabi-gcc" "ARCHIVER=arm-none-eabi-ar" "COMPILER_FLAGS=  -O2 -c" "EXTRA_COMPILER_FLAGS=-mcpu=cortex-a9 -mfpu=vfpv3 -mfloat-abi=hard -nostartfiles -g -Wall -Wextra"
Compiling coresightps_dcc
Running Make libs in ps7_cortexa9_0/libsrc/scutimer_v2_1/src
make -C ps7_cortexa9_0/libsrc/scutimer_v2_1/src -s libs  "SHELL=/bin/sh" "COMPILER=arm-none-eabi-gcc" "ARCHIVER=arm-none-eabi-ar" "COMPILER_FLAGS=  -O2 -c" "EXTRA_COMPILER_FLAGS=-mcpu=cortex-a9 -mfpu=vfpv3 -mfloat-abi=hard -nostartfiles -g -Wall -Wextra"
Compiling scutimer
Finished building libraries
00:31:56 **** Build of configuration Debug for project RTOS_CPP_NEURONAL ****
make pre-build main-build 
a9-linaro-pre-build-step
 
Building file: ../src/main.cc
Invoking: ARM v7 g++ compiler
arm-none-eabi-g++ -Wall -O0 -g3 -c -fmessage-length=0 -MT"src/main.o" -mcpu=cortex-a9 -mfpu=vfpv3 -mfloat-abi=hard -I../../RTOS_CPP_NEURONAL_bsp/ps7_cortexa9_0/include -MMD -MP -MF"src/main.d" -MT"src/main.o" -o "src/main.o" "../src/main.cc"
Finished building: ../src/main.cc
 
Building target: RTOS_CPP_NEURONAL.elf
Invoking: ARM v7 g++ linker
arm-none-eabi-g++ -mcpu=cortex-a9 -mfpu=vfpv3 -mfloat-abi=hard -Wl,-build-id=none -specs=Xilinx.spec -Wl,-T -Wl,../src/lscript.ld -L../../RTOS_CPP_NEURONAL_bsp/ps7_cortexa9_0/lib -o "RTOS_CPP_NEURONAL.elf"  ./src/main.o   -Wl,--start-group,-lxil,-lfreertos,-lgcc,-lc,-lstdc++,--end-group
Finished building target: RTOS_CPP_NEURONAL.elf
 
Invoking: ARM v7 Print Size
arm-none-eabi-size RTOS_CPP_NEURONAL.elf  |tee "RTOS_CPP_NEURONAL.elf.size"
   text	   data	    bss	    dec	    hex	filename
  88784	   3368	  89408	 181560	  2c538	RTOS_CPP_NEURONAL.elf
Finished building: RTOS_CPP_NEURONAL.elf.size
 
00:31:58 **** Auto Build of configuration Debug for project RTOS_CPP_NEURONAL ****
make pre-build main-build 
a9-linaro-pre-build-step
 
make: Nothing to be done for 'main-build'.
00:32:35 **** Auto Build of configuration Debug for project RTOS_CPP_NEURONAL ****
make pre-build main-build 
a9-linaro-pre-build-step
 
Building file: ../src/main.cc
Invoking: ARM v7 g++ compiler
arm-none-eabi-g++ -Wall -O0 -g3 -c -fmessage-length=0 -MT"src/main.o" -mcpu=cortex-a9 -mfpu=vfpv3 -mfloat-abi=hard -I../../RTOS_CPP_NEURONAL_bsp/ps7_cortexa9_0/include -MMD -MP -MF"src/main.d" -MT"src/main.o" -o "src/main.o" "../src/main.cc"
../src/main.cc: In lambda function:
../src/main.cc:286:44: warning: format '%i' expects argument of type 'int', but argument 2 has type 'std::vector<int>*' [-Wformat=]
   printf("El valor de times es: %i\n",times);
                                            ^
../src/main.cc:283:14: warning: unused variable 't' [-Wunused-variable]
    for(auto &t : times){
              ^
../src/main.cc: At global scope:
../src/main.cc:53:22: warning: 'xQueue' defined but not used [-Wunused-variable]
 static QueueHandle_t xQueue = NULL;
                      ^~~~~~
Finished building: ../src/main.cc
 
Building target: RTOS_CPP_NEURONAL.elf
Invoking: ARM v7 g++ linker
arm-none-eabi-g++ -mcpu=cortex-a9 -mfpu=vfpv3 -mfloat-abi=hard -Wl,-build-id=none -specs=Xilinx.spec -Wl,-T -Wl,../src/lscript.ld -L../../RTOS_CPP_NEURONAL_bsp/ps7_cortexa9_0/lib -o "RTOS_CPP_NEURONAL.elf"  ./src/main.o   -Wl,--start-group,-lxil,-lfreertos,-lgcc,-lc,-lstdc++,--end-group
Finished building target: RTOS_CPP_NEURONAL.elf
 
Invoking: ARM v7 Print Size
arm-none-eabi-size RTOS_CPP_NEURONAL.elf  |tee "RTOS_CPP_NEURONAL.elf.size"
   text	   data	    bss	    dec	    hex	filename
 843966	   3636	 342008	1189610	 1226ea	RTOS_CPP_NEURONAL.elf
Finished building: RTOS_CPP_NEURONAL.elf.size
 
00:33:17 **** Incremental Build of configuration Debug for project RTOS_CPP_NEURONAL ****
make pre-build main-build 
a9-linaro-pre-build-step
 
make: Nothing to be done for 'main-build'.
00:33:36 **** Auto Build of configuration Debug for project RTOS_CPP_NEURONAL ****
make pre-build main-build 
a9-linaro-pre-build-step
 
Building target: RTOS_CPP_NEURONAL.elf
Invoking: ARM v7 g++ linker
arm-none-eabi-g++ -mcpu=cortex-a9 -mfpu=vfpv3 -mfloat-abi=hard -Wl,-build-id=none -specs=Xilinx.spec -Wl,-T -Wl,../src/lscript.ld -L../../RTOS_CPP_NEURONAL_bsp/ps7_cortexa9_0/lib -o "RTOS_CPP_NEURONAL.elf"  ./src/main.o   -Wl,--start-group,-lxil,-lfreertos,-lgcc,-lc,-lstdc++,--end-group
Finished building target: RTOS_CPP_NEURONAL.elf
 
Invoking: ARM v7 Print Size
arm-none-eabi-size RTOS_CPP_NEURONAL.elf  |tee "RTOS_CPP_NEURONAL.elf.size"
   text	   data	    bss	    dec	    hex	filename
 843966	   3636	 604152	1451754	 1626ea	RTOS_CPP_NEURONAL.elf
Finished building: RTOS_CPP_NEURONAL.elf.size
 
00:33:44 **** Incremental Build of configuration Debug for project RTOS_CPP_NEURONAL ****
make pre-build main-build 
a9-linaro-pre-build-step
 
make: Nothing to be done for 'main-build'.
00:34:19 **** Auto Build of configuration Debug for project RTOS_CPP_NEURONAL ****
make pre-build main-build 
a9-linaro-pre-build-step
 
Building file: ../src/main.cc
Invoking: ARM v7 g++ compiler
arm-none-eabi-g++ -Wall -O0 -g3 -c -fmessage-length=0 -MT"src/main.o" -mcpu=cortex-a9 -mfpu=vfpv3 -mfloat-abi=hard -I../../RTOS_CPP_NEURONAL_bsp/ps7_cortexa9_0/include -MMD -MP -MF"src/main.d" -MT"src/main.o" -o "src/main.o" "../src/main.cc"
../src/main.cc: In lambda function:
../src/main.cc:286:44: warning: format '%i' expects argument of type 'int', but argument 2 has type 'std::vector<int>*' [-Wformat=]
   printf("El valor de times es: %i\n",times);
                                            ^
../src/main.cc:283:14: warning: unused variable 't' [-Wunused-variable]
    for(auto &t : times){
              ^
../src/main.cc: At global scope:
../src/main.cc:53:22: warning: 'xQueue' defined but not used [-Wunused-variable]
 static QueueHandle_t xQueue = NULL;
                      ^~~~~~
Finished building: ../src/main.cc
 
Building target: RTOS_CPP_NEURONAL.elf
Invoking: ARM v7 g++ linker
arm-none-eabi-g++ -mcpu=cortex-a9 -mfpu=vfpv3 -mfloat-abi=hard -Wl,-build-id=none -specs=Xilinx.spec -Wl,-T -Wl,../src/lscript.ld -L../../RTOS_CPP_NEURONAL_bsp/ps7_cortexa9_0/lib -o "RTOS_CPP_NEURONAL.elf"  ./src/main.o   -Wl,--start-group,-lxil,-lfreertos,-lgcc,-lc,-lstdc++,--end-group
Finished building target: RTOS_CPP_NEURONAL.elf
 
Invoking: ARM v7 Print Size
arm-none-eabi-size RTOS_CPP_NEURONAL.elf  |tee "RTOS_CPP_NEURONAL.elf.size"
   text	   data	    bss	    dec	    hex	filename
 843966	   3636	 604152	1451754	 1626ea	RTOS_CPP_NEURONAL.elf
Finished building: RTOS_CPP_NEURONAL.elf.size
 
00:34:26 **** Incremental Build of configuration Debug for project RTOS_CPP_NEURONAL ****
make pre-build main-build 
a9-linaro-pre-build-step
 
make: Nothing to be done for 'main-build'.
00:34:39 **** Incremental Build of configuration Debug for project RTOS_CPP_NEURONAL ****
make pre-build main-build 
a9-linaro-pre-build-step
 
make: Nothing to be done for 'main-build'.
00:35:04 **** Incremental Build of configuration Debug for project RTOS_CPP_NEURONAL ****
make pre-build main-build 
a9-linaro-pre-build-step
 
make: Nothing to be done for 'main-build'.
00:35:17 **** Incremental Build of configuration Debug for project RTOS_CPP_NEURONAL ****
make pre-build main-build 
a9-linaro-pre-build-step
 
make: Nothing to be done for 'main-build'.
00:35:37 **** Incremental Build of configuration Debug for project RTOS_CPP_NEURONAL ****
make pre-build main-build 
a9-linaro-pre-build-step
 
make: Nothing to be done for 'main-build'.
00:35:56 **** Incremental Build of configuration Debug for project RTOS_CPP_NEURONAL ****
make pre-build main-build 
a9-linaro-pre-build-step
 
make: Nothing to be done for 'main-build'.
00:36:22 **** Auto Build of configuration Debug for project RTOS_CPP_NEURONAL ****
make pre-build main-build 
a9-linaro-pre-build-step
 
Building file: ../src/main.cc
Invoking: ARM v7 g++ compiler
arm-none-eabi-g++ -Wall -O0 -g3 -c -fmessage-length=0 -MT"src/main.o" -mcpu=cortex-a9 -mfpu=vfpv3 -mfloat-abi=hard -I../../RTOS_CPP_NEURONAL_bsp/ps7_cortexa9_0/include -MMD -MP -MF"src/main.d" -MT"src/main.o" -o "src/main.o" "../src/main.cc"
../src/main.cc: In lambda function:
../src/main.cc:286:44: warning: format '%i' expects argument of type 'int', but argument 2 has type 'std::vector<int>*' [-Wformat=]
   printf("El valor de times es: %i\n",times);
                                            ^
../src/main.cc:283:14: warning: unused variable 't' [-Wunused-variable]
    for(auto &t : times){
              ^
../src/main.cc: At global scope:
../src/main.cc:53:22: warning: 'xQueue' defined but not used [-Wunused-variable]
 static QueueHandle_t xQueue = NULL;
                      ^~~~~~
Finished building: ../src/main.cc
 
Building target: RTOS_CPP_NEURONAL.elf
Invoking: ARM v7 g++ linker
arm-none-eabi-g++ -mcpu=cortex-a9 -mfpu=vfpv3 -mfloat-abi=hard -Wl,-build-id=none -specs=Xilinx.spec -Wl,-T -Wl,../src/lscript.ld -L../../RTOS_CPP_NEURONAL_bsp/ps7_cortexa9_0/lib -o "RTOS_CPP_NEURONAL.elf"  ./src/main.o   -Wl,--start-group,-lxil,-lfreertos,-lgcc,-lc,-lstdc++,--end-group
Finished building target: RTOS_CPP_NEURONAL.elf
 
Invoking: ARM v7 Print Size
arm-none-eabi-size RTOS_CPP_NEURONAL.elf  |tee "RTOS_CPP_NEURONAL.elf.size"
   text	   data	    bss	    dec	    hex	filename
 843966	   3636	 604152	1451754	 1626ea	RTOS_CPP_NEURONAL.elf
Finished building: RTOS_CPP_NEURONAL.elf.size
 
00:36:27 **** Incremental Build of configuration Debug for project RTOS_CPP_NEURONAL ****
make pre-build main-build 
a9-linaro-pre-build-step
 
make: Nothing to be done for 'main-build'.
00:36:46 **** Incremental Build of configuration Debug for project RTOS_CPP_NEURONAL ****
make pre-build main-build 
a9-linaro-pre-build-step
 
make: Nothing to be done for 'main-build'.
00:37:04 **** Auto Build of configuration Debug for project RTOS_CPP_NEURONAL ****
make pre-build main-build 
a9-linaro-pre-build-step
 
Building target: RTOS_CPP_NEURONAL.elf
Invoking: ARM v7 g++ linker
arm-none-eabi-g++ -mcpu=cortex-a9 -mfpu=vfpv3 -mfloat-abi=hard -Wl,-build-id=none -specs=Xilinx.spec -Wl,-T -Wl,../src/lscript.ld -L../../RTOS_CPP_NEURONAL_bsp/ps7_cortexa9_0/lib -o "RTOS_CPP_NEURONAL.elf"  ./src/main.o   -Wl,--start-group,-lxil,-lfreertos,-lgcc,-lc,-lstdc++,--end-group
Finished building target: RTOS_CPP_NEURONAL.elf
 
Invoking: ARM v7 Print Size
arm-none-eabi-size RTOS_CPP_NEURONAL.elf  |tee "RTOS_CPP_NEURONAL.elf.size"
   text	   data	    bss	    dec	    hex	filename
 843966	   3636	 342008	1189610	 1226ea	RTOS_CPP_NEURONAL.elf
Finished building: RTOS_CPP_NEURONAL.elf.size
 
00:37:10 **** Incremental Build of configuration Debug for project RTOS_CPP_NEURONAL ****
make pre-build main-build 
a9-linaro-pre-build-step
 
make: Nothing to be done for 'main-build'.
00:37:23 **** Incremental Build of configuration Debug for project RTOS_CPP_NEURONAL ****
make pre-build main-build 
a9-linaro-pre-build-step
 
make: Nothing to be done for 'main-build'.
00:37:50 **** Auto Build of configuration Debug for project RTOS_CPP_NEURONAL ****
make pre-build main-build 
a9-linaro-pre-build-step
 
Building target: RTOS_CPP_NEURONAL.elf
Invoking: ARM v7 g++ linker
arm-none-eabi-g++ -mcpu=cortex-a9 -mfpu=vfpv3 -mfloat-abi=hard -Wl,-build-id=none -specs=Xilinx.spec -Wl,-T -Wl,../src/lscript.ld -L../../RTOS_CPP_NEURONAL_bsp/ps7_cortexa9_0/lib -o "RTOS_CPP_NEURONAL.elf"  ./src/main.o   -Wl,--start-group,-lxil,-lfreertos,-lgcc,-lc,-lstdc++,--end-group
Finished building target: RTOS_CPP_NEURONAL.elf
 
Invoking: ARM v7 Print Size
arm-none-eabi-size RTOS_CPP_NEURONAL.elf  |tee "RTOS_CPP_NEURONAL.elf.size"
   text	   data	    bss	    dec	    hex	filename
 843966	   3636	  96248	 943850	  e66ea	RTOS_CPP_NEURONAL.elf
Finished building: RTOS_CPP_NEURONAL.elf.size
 
00:37:56 **** Incremental Build of configuration Debug for project RTOS_CPP_NEURONAL ****
make pre-build main-build 
a9-linaro-pre-build-step
 
make: Nothing to be done for 'main-build'.
00:38:11 **** Incremental Build of configuration Debug for project RTOS_CPP_NEURONAL ****
make pre-build main-build 
a9-linaro-pre-build-step
 
make: Nothing to be done for 'main-build'.
00:38:28 **** Auto Build of configuration Debug for project RTOS_CPP_NEURONAL ****
make pre-build main-build 
a9-linaro-pre-build-step
 
Building target: RTOS_CPP_NEURONAL.elf
Invoking: ARM v7 g++ linker
arm-none-eabi-g++ -mcpu=cortex-a9 -mfpu=vfpv3 -mfloat-abi=hard -Wl,-build-id=none -specs=Xilinx.spec -Wl,-T -Wl,../src/lscript.ld -L../../RTOS_CPP_NEURONAL_bsp/ps7_cortexa9_0/lib -o "RTOS_CPP_NEURONAL.elf"  ./src/main.o   -Wl,--start-group,-lxil,-lfreertos,-lgcc,-lc,-lstdc++,--end-group
Finished building target: RTOS_CPP_NEURONAL.elf
 
Invoking: ARM v7 Print Size
arm-none-eabi-size RTOS_CPP_NEURONAL.elf  |tee "RTOS_CPP_NEURONAL.elf.size"
   text	   data	    bss	    dec	    hex	filename
 843966	   3636	 210936	1058538	 1026ea	RTOS_CPP_NEURONAL.elf
Finished building: RTOS_CPP_NEURONAL.elf.size
 
00:38:35 **** Incremental Build of configuration Debug for project RTOS_CPP_NEURONAL ****
make pre-build main-build 
a9-linaro-pre-build-step
 
make: Nothing to be done for 'main-build'.
00:39:00 **** Auto Build of configuration Debug for project RTOS_CPP_NEURONAL ****
make pre-build main-build 
a9-linaro-pre-build-step
 
Building file: ../src/main.cc
Invoking: ARM v7 g++ compiler
arm-none-eabi-g++ -Wall -O0 -g3 -c -fmessage-length=0 -MT"src/main.o" -mcpu=cortex-a9 -mfpu=vfpv3 -mfloat-abi=hard -I../../RTOS_CPP_NEURONAL_bsp/ps7_cortexa9_0/include -MMD -MP -MF"src/main.d" -MT"src/main.o" -o "src/main.o" "../src/main.cc"
../src/main.cc: In lambda function:
../src/main.cc:286:44: warning: format '%i' expects argument of type 'int', but argument 2 has type 'std::vector<int>*' [-Wformat=]
   printf("El valor de times es: %i\n",times);
                                            ^
../src/main.cc:283:14: warning: unused variable 't' [-Wunused-variable]
    for(auto &t : times){
              ^
../src/main.cc: At global scope:
../src/main.cc:53:22: warning: 'xQueue' defined but not used [-Wunused-variable]
 static QueueHandle_t xQueue = NULL;
                      ^~~~~~
Finished building: ../src/main.cc
 
Building target: RTOS_CPP_NEURONAL.elf
Invoking: ARM v7 g++ linker
arm-none-eabi-g++ -mcpu=cortex-a9 -mfpu=vfpv3 -mfloat-abi=hard -Wl,-build-id=none -specs=Xilinx.spec -Wl,-T -Wl,../src/lscript.ld -L../../RTOS_CPP_NEURONAL_bsp/ps7_cortexa9_0/lib -o "RTOS_CPP_NEURONAL.elf"  ./src/main.o   -Wl,--start-group,-lxil,-lfreertos,-lgcc,-lc,-lstdc++,--end-group
Finished building target: RTOS_CPP_NEURONAL.elf
 
Invoking: ARM v7 Print Size
arm-none-eabi-size RTOS_CPP_NEURONAL.elf  |tee "RTOS_CPP_NEURONAL.elf.size"
   text	   data	    bss	    dec	    hex	filename
 843966	   3636	 210936	1058538	 1026ea	RTOS_CPP_NEURONAL.elf
Finished building: RTOS_CPP_NEURONAL.elf.size
 
00:39:04 **** Incremental Build of configuration Debug for project RTOS_CPP_NEURONAL ****
make pre-build main-build 
a9-linaro-pre-build-step
 
make: Nothing to be done for 'main-build'.
00:39:18 **** Incremental Build of configuration Debug for project RTOS_CPP_NEURONAL ****
make pre-build main-build 
a9-linaro-pre-build-step
 
make: Nothing to be done for 'main-build'.
00:39:29 **** Incremental Build of configuration Debug for project RTOS_CPP_NEURONAL ****
make pre-build main-build 
a9-linaro-pre-build-step
 
make: Nothing to be done for 'main-build'.
00:40:45 **** Auto Build of configuration Debug for project RTOS_CPP_NEURONAL ****
make pre-build main-build 
a9-linaro-pre-build-step
 
Building file: ../src/main.cc
Invoking: ARM v7 g++ compiler
arm-none-eabi-g++ -Wall -O0 -g3 -c -fmessage-length=0 -MT"src/main.o" -mcpu=cortex-a9 -mfpu=vfpv3 -mfloat-abi=hard -I../../RTOS_CPP_NEURONAL_bsp/ps7_cortexa9_0/include -MMD -MP -MF"src/main.d" -MT"src/main.o" -o "src/main.o" "../src/main.cc"
../src/main.cc: In lambda function:
../src/main.cc:286:44: warning: format '%i' expects argument of type 'int', but argument 2 has type 'std::vector<int>*' [-Wformat=]
   printf("El valor de times es: %i\n",times);
                                            ^
../src/main.cc:283:14: warning: unused variable 't' [-Wunused-variable]
    for(auto &t : times){
              ^
../src/main.cc: At global scope:
../src/main.cc:53:22: warning: 'xQueue' defined but not used [-Wunused-variable]
 static QueueHandle_t xQueue = NULL;
                      ^~~~~~
Finished building: ../src/main.cc
 
Building target: RTOS_CPP_NEURONAL.elf
Invoking: ARM v7 g++ linker
arm-none-eabi-g++ -mcpu=cortex-a9 -mfpu=vfpv3 -mfloat-abi=hard -Wl,-build-id=none -specs=Xilinx.spec -Wl,-T -Wl,../src/lscript.ld -L../../RTOS_CPP_NEURONAL_bsp/ps7_cortexa9_0/lib -o "RTOS_CPP_NEURONAL.elf"  ./src/main.o   -Wl,--start-group,-lxil,-lfreertos,-lgcc,-lc,-lstdc++,--end-group
Finished building target: RTOS_CPP_NEURONAL.elf
 
Invoking: ARM v7 Print Size
arm-none-eabi-size RTOS_CPP_NEURONAL.elf  |tee "RTOS_CPP_NEURONAL.elf.size"
   text	   data	    bss	    dec	    hex	filename
 844086	   3636	 210936	1058658	 102762	RTOS_CPP_NEURONAL.elf
Finished building: RTOS_CPP_NEURONAL.elf.size
 
00:40:49 **** Incremental Build of configuration Debug for project RTOS_CPP_NEURONAL ****
make pre-build main-build 
a9-linaro-pre-build-step
 
make: Nothing to be done for 'main-build'.
00:42:08 **** Build of configuration Debug for project NEURONAL_CPP_RTOS_NOTASKS ****
make pre-build main-build 
a9-linaro-pre-build-step
 
Building file: ../src/main.cc
Invoking: ARM v7 g++ compiler
arm-none-eabi-g++ -Wall -O0 -g3 -c -fmessage-length=0 -MT"src/main.o" -mcpu=cortex-a9 -mfpu=vfpv3 -mfloat-abi=hard -I../../RTOS_CPP_NEURONAL_bsp/ps7_cortexa9_0/include -MMD -MP -MF"src/main.d" -MT"src/main.o" -o "src/main.o" "../src/main.cc"
Finished building: ../src/main.cc
 
Building target: NEURONAL_CPP_RTOS_NOTASKS.elf
Invoking: ARM v7 g++ linker
arm-none-eabi-g++ -mcpu=cortex-a9 -mfpu=vfpv3 -mfloat-abi=hard -Wl,-build-id=none -specs=Xilinx.spec -Wl,-T -Wl,../src/lscript.ld -L../../RTOS_CPP_NEURONAL_bsp/ps7_cortexa9_0/lib -o "NEURONAL_CPP_RTOS_NOTASKS.elf"  ./src/main.o   -Wl,--start-group,-lxil,-lfreertos,-lgcc,-lc,-lstdc++,--end-group
Finished building target: NEURONAL_CPP_RTOS_NOTASKS.elf
 
Invoking: ARM v7 Print Size
arm-none-eabi-size NEURONAL_CPP_RTOS_NOTASKS.elf  |tee "NEURONAL_CPP_RTOS_NOTASKS.elf.size"
   text	   data	    bss	    dec	    hex	filename
  88784	   3368	  89408	 181560	  2c538	NEURONAL_CPP_RTOS_NOTASKS.elf
Finished building: NEURONAL_CPP_RTOS_NOTASKS.elf.size
 
00:42:10 **** Auto Build of configuration Debug for project NEURONAL_CPP_RTOS_NOTASKS ****
make pre-build main-build 
a9-linaro-pre-build-step
 
make: Nothing to be done for 'main-build'.
00:42:38 **** Auto Build of configuration Debug for project NEURONAL_CPP_RTOS_NOTASKS ****
make pre-build main-build 
a9-linaro-pre-build-step
 
Building file: ../src/main.cc
Invoking: ARM v7 g++ compiler
arm-none-eabi-g++ -Wall -O0 -g3 -c -fmessage-length=0 -MT"src/main.o" -mcpu=cortex-a9 -mfpu=vfpv3 -mfloat-abi=hard -I../../RTOS_CPP_NEURONAL_bsp/ps7_cortexa9_0/include -MMD -MP -MF"src/main.d" -MT"src/main.o" -o "src/main.o" "../src/main.cc"
../src/main.cc: In lambda function:
../src/main.cc:30:13: warning: unused variable 't' [-Wunused-variable]
   for(auto &t : times){
             ^
Finished building: ../src/main.cc
 
Building target: NEURONAL_CPP_RTOS_NOTASKS.elf
Invoking: ARM v7 g++ linker
arm-none-eabi-g++ -mcpu=cortex-a9 -mfpu=vfpv3 -mfloat-abi=hard -Wl,-build-id=none -specs=Xilinx.spec -Wl,-T -Wl,../src/lscript.ld -L../../RTOS_CPP_NEURONAL_bsp/ps7_cortexa9_0/lib -o "NEURONAL_CPP_RTOS_NOTASKS.elf"  ./src/main.o   -Wl,--start-group,-lxil,-lfreertos,-lgcc,-lc,-lstdc++,--end-group
Finished building target: NEURONAL_CPP_RTOS_NOTASKS.elf
 
Invoking: ARM v7 Print Size
arm-none-eabi-size NEURONAL_CPP_RTOS_NOTASKS.elf  |tee "NEURONAL_CPP_RTOS_NOTASKS.elf.size"
   text	   data	    bss	    dec	    hex	filename
 843770	   3616	4274064	5121450	 4e25aa	NEURONAL_CPP_RTOS_NOTASKS.elf
Finished building: NEURONAL_CPP_RTOS_NOTASKS.elf.size
 
00:42:52 **** Auto Build of configuration Debug for project NEURONAL_CPP_RTOS_NOTASKS ****
make pre-build main-build 
a9-linaro-pre-build-step
 
Building file: ../src/main.cc
Invoking: ARM v7 g++ compiler
arm-none-eabi-g++ -Wall -O0 -g3 -c -fmessage-length=0 -MT"src/main.o" -mcpu=cortex-a9 -mfpu=vfpv3 -mfloat-abi=hard -I../../RTOS_CPP_NEURONAL_bsp/ps7_cortexa9_0/include -MMD -MP -MF"src/main.d" -MT"src/main.o" -o "src/main.o" "../src/main.cc"
../src/main.cc: In lambda function:
../src/main.cc:30:13: warning: unused variable 't' [-Wunused-variable]
   for(auto &t : times){
             ^
../src/main.cc: In function 'int main(int, char**)':
../src/main.cc:65:10: warning: unused variable 'avgElapsed' [-Wunused-variable]
     auto avgElapsed = average(times);
          ^~~~~~~~~~
../src/main.cc:66:10: warning: unused variable 'standardDeviation' [-Wunused-variable]
     auto standardDeviation = standard_deviation(times);
          ^~~~~~~~~~~~~~~~~
Finished building: ../src/main.cc
 
Building target: NEURONAL_CPP_RTOS_NOTASKS.elf
Invoking: ARM v7 g++ linker
arm-none-eabi-g++ -mcpu=cortex-a9 -mfpu=vfpv3 -mfloat-abi=hard -Wl,-build-id=none -specs=Xilinx.spec -Wl,-T -Wl,../src/lscript.ld -L../../RTOS_CPP_NEURONAL_bsp/ps7_cortexa9_0/lib -o "NEURONAL_CPP_RTOS_NOTASKS.elf"  ./src/main.o   -Wl,--start-group,-lxil,-lfreertos,-lgcc,-lc,-lstdc++,--end-group
Finished building target: NEURONAL_CPP_RTOS_NOTASKS.elf
 
Invoking: ARM v7 Print Size
arm-none-eabi-size NEURONAL_CPP_RTOS_NOTASKS.elf  |tee "NEURONAL_CPP_RTOS_NOTASKS.elf.size"
   text	   data	    bss	    dec	    hex	filename
 843497	   3616	4274064	5121177	 4e2499	NEURONAL_CPP_RTOS_NOTASKS.elf
Finished building: NEURONAL_CPP_RTOS_NOTASKS.elf.size
 
00:43:09 **** Auto Build of configuration Debug for project NEURONAL_CPP_RTOS_NOTASKS ****
make pre-build main-build 
a9-linaro-pre-build-step
 
Building target: NEURONAL_CPP_RTOS_NOTASKS.elf
Invoking: ARM v7 g++ linker
arm-none-eabi-g++ -mcpu=cortex-a9 -mfpu=vfpv3 -mfloat-abi=hard -Wl,-build-id=none -specs=Xilinx.spec -Wl,-T -Wl,../src/lscript.ld -L../../RTOS_CPP_NEURONAL_bsp/ps7_cortexa9_0/lib -o "NEURONAL_CPP_RTOS_NOTASKS.elf"  ./src/main.o   -Wl,--start-group,-lxil,-lfreertos,-lgcc,-lc,-lstdc++,--end-group
Finished building target: NEURONAL_CPP_RTOS_NOTASKS.elf
 
Invoking: ARM v7 Print Size
arm-none-eabi-size NEURONAL_CPP_RTOS_NOTASKS.elf  |tee "NEURONAL_CPP_RTOS_NOTASKS.elf.size"
   text	   data	    bss	    dec	    hex	filename
 843497	   3616	 341904	1189017	 122499	NEURONAL_CPP_RTOS_NOTASKS.elf
Finished building: NEURONAL_CPP_RTOS_NOTASKS.elf.size
 
00:43:18 **** Incremental Build of configuration Debug for project NEURONAL_CPP_RTOS_NOTASKS ****
make pre-build main-build 
a9-linaro-pre-build-step
 
make: Nothing to be done for 'main-build'.
00:43:33 **** Auto Build of configuration Debug for project NEURONAL_CPP_RTOS_NOTASKS ****
make pre-build main-build 
a9-linaro-pre-build-step
 
Building file: ../src/main.cc
Invoking: ARM v7 g++ compiler
arm-none-eabi-g++ -Wall -O0 -g3 -c -fmessage-length=0 -MT"src/main.o" -mcpu=cortex-a9 -mfpu=vfpv3 -mfloat-abi=hard -I../../RTOS_CPP_NEURONAL_bsp/ps7_cortexa9_0/include -MMD -MP -MF"src/main.d" -MT"src/main.o" -o "src/main.o" "../src/main.cc"
../src/main.cc: In lambda function:
../src/main.cc:30:13: warning: unused variable 't' [-Wunused-variable]
   for(auto &t : times){
             ^
../src/main.cc: In function 'int main(int, char**)':
../src/main.cc:65:10: warning: unused variable 'avgElapsed' [-Wunused-variable]
     auto avgElapsed = average(times);
          ^~~~~~~~~~
../src/main.cc:66:10: warning: unused variable 'standardDeviation' [-Wunused-variable]
     auto standardDeviation = standard_deviation(times);
          ^~~~~~~~~~~~~~~~~
Finished building: ../src/main.cc
 
Building target: NEURONAL_CPP_RTOS_NOTASKS.elf
Invoking: ARM v7 g++ linker
arm-none-eabi-g++ -mcpu=cortex-a9 -mfpu=vfpv3 -mfloat-abi=hard -Wl,-build-id=none -specs=Xilinx.spec -Wl,-T -Wl,../src/lscript.ld -L../../RTOS_CPP_NEURONAL_bsp/ps7_cortexa9_0/lib -o "NEURONAL_CPP_RTOS_NOTASKS.elf"  ./src/main.o   -Wl,--start-group,-lxil,-lfreertos,-lgcc,-lc,-lstdc++,--end-group
Finished building target: NEURONAL_CPP_RTOS_NOTASKS.elf
 
Invoking: ARM v7 Print Size
arm-none-eabi-size NEURONAL_CPP_RTOS_NOTASKS.elf  |tee "NEURONAL_CPP_RTOS_NOTASKS.elf.size"
   text	   data	    bss	    dec	    hex	filename
 843497	   3616	 341904	1189017	 122499	NEURONAL_CPP_RTOS_NOTASKS.elf
Finished building: NEURONAL_CPP_RTOS_NOTASKS.elf.size
 
00:43:40 **** Incremental Build of configuration Debug for project NEURONAL_CPP_RTOS_NOTASKS ****
make pre-build main-build 
a9-linaro-pre-build-step
 
make: Nothing to be done for 'main-build'.
00:44:13 **** Auto Build of configuration Debug for project NEURONAL_CPP_RTOS_NOTASKS ****
make pre-build main-build 
a9-linaro-pre-build-step
 
Building file: ../src/main.cc
Invoking: ARM v7 g++ compiler
arm-none-eabi-g++ -Wall -O0 -g3 -c -fmessage-length=0 -MT"src/main.o" -mcpu=cortex-a9 -mfpu=vfpv3 -mfloat-abi=hard -I../../RTOS_CPP_NEURONAL_bsp/ps7_cortexa9_0/include -MMD -MP -MF"src/main.d" -MT"src/main.o" -o "src/main.o" "../src/main.cc"
../src/main.cc: In lambda function:
../src/main.cc:30:13: warning: unused variable 't' [-Wunused-variable]
   for(auto &t : times){
             ^
../src/main.cc: In function 'int main(int, char**)':
../src/main.cc:65:10: warning: unused variable 'avgElapsed' [-Wunused-variable]
     auto avgElapsed = average(times);
          ^~~~~~~~~~
../src/main.cc:66:10: warning: unused variable 'standardDeviation' [-Wunused-variable]
     auto standardDeviation = standard_deviation(times);
          ^~~~~~~~~~~~~~~~~
Finished building: ../src/main.cc
 
Building target: NEURONAL_CPP_RTOS_NOTASKS.elf
Invoking: ARM v7 g++ linker
arm-none-eabi-g++ -mcpu=cortex-a9 -mfpu=vfpv3 -mfloat-abi=hard -Wl,-build-id=none -specs=Xilinx.spec -Wl,-T -Wl,../src/lscript.ld -L../../RTOS_CPP_NEURONAL_bsp/ps7_cortexa9_0/lib -o "NEURONAL_CPP_RTOS_NOTASKS.elf"  ./src/main.o   -Wl,--start-group,-lxil,-lfreertos,-lgcc,-lc,-lstdc++,--end-group
Finished building target: NEURONAL_CPP_RTOS_NOTASKS.elf
 
Invoking: ARM v7 Print Size
arm-none-eabi-size NEURONAL_CPP_RTOS_NOTASKS.elf  |tee "NEURONAL_CPP_RTOS_NOTASKS.elf.size"
   text	   data	    bss	    dec	    hex	filename
 844405	   3616	 341896	1189917	 12281d	NEURONAL_CPP_RTOS_NOTASKS.elf
Finished building: NEURONAL_CPP_RTOS_NOTASKS.elf.size
 
00:44:21 **** Incremental Build of configuration Debug for project NEURONAL_CPP_RTOS_NOTASKS ****
make pre-build main-build 
a9-linaro-pre-build-step
 
make: Nothing to be done for 'main-build'.
00:44:35 **** Incremental Build of configuration Debug for project NEURONAL_CPP_RTOS_NOTASKS ****
make pre-build main-build 
a9-linaro-pre-build-step
 
make: Nothing to be done for 'main-build'.
00:44:43 **** Incremental Build of configuration Debug for project NEURONAL_CPP_RTOS_NOTASKS ****
make pre-build main-build 
a9-linaro-pre-build-step
 
make: Nothing to be done for 'main-build'.
22:10:25 **** Build of configuration Debug for project RTOS_NEURONAL_MORETASKS_CPP ****
make pre-build main-build 
a9-linaro-pre-build-step
 
Building file: ../src/main.cc
Invoking: ARM v7 g++ compiler
arm-none-eabi-g++ -Wall -O0 -g3 -c -fmessage-length=0 -MT"src/main.o" -mcpu=cortex-a9 -mfpu=vfpv3 -mfloat-abi=hard -I../../RTOS_CPP_NEURONAL_bsp/ps7_cortexa9_0/include -MMD -MP -MF"src/main.d" -MT"src/main.o" -o "src/main.o" "../src/main.cc"
Finished building: ../src/main.cc
 
Building target: RTOS_NEURONAL_MORETASKS_CPP.elf
Invoking: ARM v7 g++ linker
arm-none-eabi-g++ -mcpu=cortex-a9 -mfpu=vfpv3 -mfloat-abi=hard -Wl,-build-id=none -specs=Xilinx.spec -Wl,-T -Wl,../src/lscript.ld -L../../RTOS_CPP_NEURONAL_bsp/ps7_cortexa9_0/lib -o "RTOS_NEURONAL_MORETASKS_CPP.elf"  ./src/main.o   -Wl,--start-group,-lxil,-lfreertos,-lgcc,-lc,-lstdc++,--end-group
Finished building target: RTOS_NEURONAL_MORETASKS_CPP.elf
 
Invoking: ARM v7 Print Size
arm-none-eabi-size RTOS_NEURONAL_MORETASKS_CPP.elf  |tee "RTOS_NEURONAL_MORETASKS_CPP.elf.size"
   text	   data	    bss	    dec	    hex	filename
  88784	   3368	  89408	 181560	  2c538	RTOS_NEURONAL_MORETASKS_CPP.elf
Finished building: RTOS_NEURONAL_MORETASKS_CPP.elf.size
 
22:10:27 **** Auto Build of configuration Debug for project RTOS_NEURONAL_MORETASKS_CPP ****
make pre-build main-build 
a9-linaro-pre-build-step
 
make: Nothing to be done for 'main-build'.
22:11:13 **** Auto Build of configuration Debug for project RTOS_NEURONAL_MORETASKS_CPP ****
make pre-build main-build 
a9-linaro-pre-build-step
 
Building file: ../src/main.cc
Invoking: ARM v7 g++ compiler
arm-none-eabi-g++ -Wall -O0 -g3 -c -fmessage-length=0 -MT"src/main.o" -mcpu=cortex-a9 -mfpu=vfpv3 -mfloat-abi=hard -I../../RTOS_CPP_NEURONAL_bsp/ps7_cortexa9_0/include -MMD -MP -MF"src/main.d" -MT"src/main.o" -o "src/main.o" "../src/main.cc"
../src/main.cc:257:26: warning: narrowing conversion of 'nsize' from 'int' to 'uint {aka unsigned int}' inside { } [-Wnarrowing]
  GapJunctionIP gjip{nsize};
                          ^
../src/main.cc: In lambda function:
../src/main.cc:279:14: warning: unused variable 't' [-Wunused-variable]
    for(auto &t : times){
              ^
../src/main.cc: In function 'int main(int, char**)':
../src/main.cc:315:10: warning: unused variable 'avgElapsed' [-Wunused-variable]
     auto avgElapsed = average(times);
          ^~~~~~~~~~
../src/main.cc:316:10: warning: unused variable 'standardDeviation' [-Wunused-variable]
     auto standardDeviation = standard_deviation(times);
          ^~~~~~~~~~~~~~~~~
Finished building: ../src/main.cc
 
Building target: RTOS_NEURONAL_MORETASKS_CPP.elf
Invoking: ARM v7 g++ linker
arm-none-eabi-g++ -mcpu=cortex-a9 -mfpu=vfpv3 -mfloat-abi=hard -Wl,-build-id=none -specs=Xilinx.spec -Wl,-T -Wl,../src/lscript.ld -L../../RTOS_CPP_NEURONAL_bsp/ps7_cortexa9_0/lib -o "RTOS_NEURONAL_MORETASKS_CPP.elf"  ./src/main.o   -Wl,--start-group,-lxil,-lfreertos,-lgcc,-lc,-lstdc++,--end-group
Finished building target: RTOS_NEURONAL_MORETASKS_CPP.elf
 
Invoking: ARM v7 Print Size
arm-none-eabi-size RTOS_NEURONAL_MORETASKS_CPP.elf  |tee "RTOS_NEURONAL_MORETASKS_CPP.elf.size"
   text	   data	    bss	    dec	    hex	filename
 843850	   3636	5454080	6301566	 60277e	RTOS_NEURONAL_MORETASKS_CPP.elf
Finished building: RTOS_NEURONAL_MORETASKS_CPP.elf.size
 
22:13:49 **** Clean-only build of configuration Debug for project RTOS_NEURONAL_MORETASKS_CPP ****
make clean 
rm -rf  ./src/main.d  ./src/main.o  RTOS_NEURONAL_MORETASKS_CPP.elf.size  RTOS_NEURONAL_MORETASKS_CPP.elf
 
22:13:50 **** Build of configuration Debug for project RTOS_NEURONAL_MORETASKS_CPP ****
make pre-build main-build 
a9-linaro-pre-build-step
 
Building file: ../src/main.cc
Invoking: ARM v7 g++ compiler
arm-none-eabi-g++ -Wall -O0 -g3 -c -fmessage-length=0 -MT"src/main.o" -mcpu=cortex-a9 -mfpu=vfpv3 -mfloat-abi=hard -I../../RTOS_CPP_NEURONAL_bsp/ps7_cortexa9_0/include -MMD -MP -MF"src/main.d" -MT"src/main.o" -o "src/main.o" "../src/main.cc"
../src/main.cc:257:26: warning: narrowing conversion of 'nsize' from 'int' to 'uint {aka unsigned int}' inside { } [-Wnarrowing]
  GapJunctionIP gjip{nsize};
                          ^
../src/main.cc: In lambda function:
../src/main.cc:279:14: warning: unused variable 't' [-Wunused-variable]
    for(auto &t : times){
              ^
../src/main.cc: In function 'int main(int, char**)':
../src/main.cc:315:10: warning: unused variable 'avgElapsed' [-Wunused-variable]
     auto avgElapsed = average(times);
          ^~~~~~~~~~
../src/main.cc:316:10: warning: unused variable 'standardDeviation' [-Wunused-variable]
     auto standardDeviation = standard_deviation(times);
          ^~~~~~~~~~~~~~~~~
Finished building: ../src/main.cc
 
Building target: RTOS_NEURONAL_MORETASKS_CPP.elf
Invoking: ARM v7 g++ linker
arm-none-eabi-g++ -mcpu=cortex-a9 -mfpu=vfpv3 -mfloat-abi=hard -Wl,-build-id=none -specs=Xilinx.spec -Wl,-T -Wl,../src/lscript.ld -L../../RTOS_CPP_NEURONAL_bsp/ps7_cortexa9_0/lib -o "RTOS_NEURONAL_MORETASKS_CPP.elf"  ./src/main.o   -Wl,--start-group,-lxil,-lfreertos,-lgcc,-lc,-lstdc++,--end-group
Finished building target: RTOS_NEURONAL_MORETASKS_CPP.elf
 
Invoking: ARM v7 Print Size
arm-none-eabi-size RTOS_NEURONAL_MORETASKS_CPP.elf  |tee "RTOS_NEURONAL_MORETASKS_CPP.elf.size"
   text	   data	    bss	    dec	    hex	filename
 843850	   3636	5454080	6301566	 60277e	RTOS_NEURONAL_MORETASKS_CPP.elf
Finished building: RTOS_NEURONAL_MORETASKS_CPP.elf.size
 
22:14:18 **** Auto Build of configuration Debug for project RTOS_NEURONAL_MORETASKS_CPP ****
make pre-build main-build 
a9-linaro-pre-build-step
 
Building file: ../src/main.cc
Invoking: ARM v7 g++ compiler
arm-none-eabi-g++ -Wall -O0 -g3 -c -fmessage-length=0 -MT"src/main.o" -mcpu=cortex-a9 -mfpu=vfpv3 -mfloat-abi=hard -I../../RTOS_CPP_NEURONAL_bsp/ps7_cortexa9_0/include -MMD -MP -MF"src/main.d" -MT"src/main.o" -o "src/main.o" "../src/main.cc"
../src/main.cc:251:26: warning: narrowing conversion of 'nsize' from 'int' to 'uint {aka unsigned int}' inside { } [-Wnarrowing]
  GapJunctionIP gjip{nsize};
                          ^
../src/main.cc: In lambda function:
../src/main.cc:273:14: warning: unused variable 't' [-Wunused-variable]
    for(auto &t : times){
              ^
../src/main.cc: In function 'int main(int, char**)':
../src/main.cc:309:10: warning: unused variable 'avgElapsed' [-Wunused-variable]
     auto avgElapsed = average(times);
          ^~~~~~~~~~
../src/main.cc:310:10: warning: unused variable 'standardDeviation' [-Wunused-variable]
     auto standardDeviation = standard_deviation(times);
          ^~~~~~~~~~~~~~~~~
Finished building: ../src/main.cc
 
Building target: RTOS_NEURONAL_MORETASKS_CPP.elf
Invoking: ARM v7 g++ linker
arm-none-eabi-g++ -mcpu=cortex-a9 -mfpu=vfpv3 -mfloat-abi=hard -Wl,-build-id=none -specs=Xilinx.spec -Wl,-T -Wl,../src/lscript.ld -L../../RTOS_CPP_NEURONAL_bsp/ps7_cortexa9_0/lib -o "RTOS_NEURONAL_MORETASKS_CPP.elf"  ./src/main.o   -Wl,--start-group,-lxil,-lfreertos,-lgcc,-lc,-lstdc++,--end-group
Finished building target: RTOS_NEURONAL_MORETASKS_CPP.elf
 
Invoking: ARM v7 Print Size
arm-none-eabi-size RTOS_NEURONAL_MORETASKS_CPP.elf  |tee "RTOS_NEURONAL_MORETASKS_CPP.elf.size"
   text	   data	    bss	    dec	    hex	filename
 843850	   3636	5454080	6301566	 60277e	RTOS_NEURONAL_MORETASKS_CPP.elf
Finished building: RTOS_NEURONAL_MORETASKS_CPP.elf.size
 
22:27:14 **** Auto Build of configuration Debug for project RTOS_NEURONAL_MORETASKS_CPP ****
make pre-build main-build 
a9-linaro-pre-build-step
 
Building file: ../src/main.cc
Invoking: ARM v7 g++ compiler
arm-none-eabi-g++ -Wall -O0 -g3 -c -fmessage-length=0 -MT"src/main.o" -mcpu=cortex-a9 -mfpu=vfpv3 -mfloat-abi=hard -I../../RTOS_CPP_NEURONAL_bsp/ps7_cortexa9_0/include -MMD -MP -MF"src/main.d" -MT"src/main.o" -o "src/main.o" "../src/main.cc"
../src/main.cc:243:26: warning: narrowing conversion of 'nsize' from 'int' to 'uint {aka unsigned int}' inside { } [-Wnarrowing]
  GapJunctionIP gjip{nsize};
                          ^
../src/main.cc: In lambda function:
../src/main.cc:265:14: warning: unused variable 't' [-Wunused-variable]
    for(auto &t : times){
              ^
../src/main.cc: In function 'int main(int, char**)':
../src/main.cc:302:10: warning: unused variable 'avgElapsed' [-Wunused-variable]
     auto avgElapsed = average(times);
          ^~~~~~~~~~
../src/main.cc:303:10: warning: unused variable 'standardDeviation' [-Wunused-variable]
     auto standardDeviation = standard_deviation(times);
          ^~~~~~~~~~~~~~~~~
../src/main.cc: In function 'void _GapJuncitonTask_2(void*)':
../src/main.cc:331:13: error: redefinition of 'void _GapJuncitonTask_2(void*)'
 static void _GapJuncitonTask_2(void *pvParameters ){
             ^~~~~~~~~~~~~~~~~~
../src/main.cc:326:13: note: 'void _GapJuncitonTask_2(void*)' previously defined here
 static void _GapJuncitonTask_2(void *pvParameters ){
             ^~~~~~~~~~~~~~~~~~
../src/main.cc: At global scope:
../src/main.cc:331:13: warning: 'void _GapJuncitonTask_2(void*)' defined but not used [-Wunused-function]
 static void _GapJuncitonTask_2(void *pvParameters ){
             ^~~~~~~~~~~~~~~~~~
make: *** [src/main.o] Error 1
src/subdir.mk:21: recipe for target 'src/main.o' failed
22:27:26 **** Auto Build of configuration Debug for project RTOS_NEURONAL_MORETASKS_CPP ****
make pre-build main-build 
a9-linaro-pre-build-step
 
Building file: ../src/main.cc
Invoking: ARM v7 g++ compiler
arm-none-eabi-g++ -Wall -O0 -g3 -c -fmessage-length=0 -MT"src/main.o" -mcpu=cortex-a9 -mfpu=vfpv3 -mfloat-abi=hard -I../../RTOS_CPP_NEURONAL_bsp/ps7_cortexa9_0/include -MMD -MP -MF"src/main.d" -MT"src/main.o" -o "src/main.o" "../src/main.cc"
../src/main.cc:243:26: warning: narrowing conversion of 'nsize' from 'int' to 'uint {aka unsigned int}' inside { } [-Wnarrowing]
  GapJunctionIP gjip{nsize};
                          ^
../src/main.cc: In lambda function:
../src/main.cc:265:14: warning: unused variable 't' [-Wunused-variable]
    for(auto &t : times){
              ^
../src/main.cc: In function 'int main(int, char**)':
../src/main.cc:302:10: warning: unused variable 'avgElapsed' [-Wunused-variable]
     auto avgElapsed = average(times);
          ^~~~~~~~~~
../src/main.cc:303:10: warning: unused variable 'standardDeviation' [-Wunused-variable]
     auto standardDeviation = standard_deviation(times);
          ^~~~~~~~~~~~~~~~~
../src/main.cc: At global scope:
../src/main.cc:331:13: warning: 'void _GapJuncitonTask_3(void*)' defined but not used [-Wunused-function]
 static void _GapJuncitonTask_3(void *pvParameters ){
             ^~~~~~~~~~~~~~~~~~
Finished building: ../src/main.cc
 
Building target: RTOS_NEURONAL_MORETASKS_CPP.elf
Invoking: ARM v7 g++ linker
arm-none-eabi-g++ -mcpu=cortex-a9 -mfpu=vfpv3 -mfloat-abi=hard -Wl,-build-id=none -specs=Xilinx.spec -Wl,-T -Wl,../src/lscript.ld -L../../RTOS_CPP_NEURONAL_bsp/ps7_cortexa9_0/lib -o "RTOS_NEURONAL_MORETASKS_CPP.elf"  ./src/main.o   -Wl,--start-group,-lxil,-lfreertos,-lgcc,-lc,-lstdc++,--end-group
Finished building target: RTOS_NEURONAL_MORETASKS_CPP.elf
 
Invoking: ARM v7 Print Size
arm-none-eabi-size RTOS_NEURONAL_MORETASKS_CPP.elf  |tee "RTOS_NEURONAL_MORETASKS_CPP.elf.size"
   text	   data	    bss	    dec	    hex	filename
 840530	   3644	5454088	6298262	 601a96	RTOS_NEURONAL_MORETASKS_CPP.elf
Finished building: RTOS_NEURONAL_MORETASKS_CPP.elf.size
 
22:27:42 **** Auto Build of configuration Debug for project RTOS_NEURONAL_MORETASKS_CPP ****
make pre-build main-build 
a9-linaro-pre-build-step
 
Building file: ../src/main.cc
Invoking: ARM v7 g++ compiler
arm-none-eabi-g++ -Wall -O0 -g3 -c -fmessage-length=0 -MT"src/main.o" -mcpu=cortex-a9 -mfpu=vfpv3 -mfloat-abi=hard -I../../RTOS_CPP_NEURONAL_bsp/ps7_cortexa9_0/include -MMD -MP -MF"src/main.d" -MT"src/main.o" -o "src/main.o" "../src/main.cc"
../src/main.cc:337:1: warning: "/*" within comment [-Wcomment]
 /*
  
../src/main.cc:339:1: warning: "/*" within comment [-Wcomment]
 /*
  
../src/main.cc:243:26: warning: narrowing conversion of 'nsize' from 'int' to 'uint {aka unsigned int}' inside { } [-Wnarrowing]
  GapJunctionIP gjip{nsize};
                          ^
../src/main.cc: In lambda function:
../src/main.cc:265:14: warning: unused variable 't' [-Wunused-variable]
    for(auto &t : times){
              ^
../src/main.cc: In function 'int main(int, char**)':
../src/main.cc:302:10: warning: unused variable 'avgElapsed' [-Wunused-variable]
     auto avgElapsed = average(times);
          ^~~~~~~~~~
../src/main.cc:303:10: warning: unused variable 'standardDeviation' [-Wunused-variable]
     auto standardDeviation = standard_deviation(times);
          ^~~~~~~~~~~~~~~~~
Finished building: ../src/main.cc
 
Building target: RTOS_NEURONAL_MORETASKS_CPP.elf
Invoking: ARM v7 g++ linker
arm-none-eabi-g++ -mcpu=cortex-a9 -mfpu=vfpv3 -mfloat-abi=hard -Wl,-build-id=none -specs=Xilinx.spec -Wl,-T -Wl,../src/lscript.ld -L../../RTOS_CPP_NEURONAL_bsp/ps7_cortexa9_0/lib -o "RTOS_NEURONAL_MORETASKS_CPP.elf"  ./src/main.o   -Wl,--start-group,-lxil,-lfreertos,-lgcc,-lc,-lstdc++,--end-group
Finished building target: RTOS_NEURONAL_MORETASKS_CPP.elf
 
Invoking: ARM v7 Print Size
arm-none-eabi-size RTOS_NEURONAL_MORETASKS_CPP.elf  |tee "RTOS_NEURONAL_MORETASKS_CPP.elf.size"
   text	   data	    bss	    dec	    hex	filename
 840446	   3644	5454080	6298170	 601a3a	RTOS_NEURONAL_MORETASKS_CPP.elf
Finished building: RTOS_NEURONAL_MORETASKS_CPP.elf.size
 
22:33:32 **** Auto Build of configuration Debug for project RTOS_NEURONAL_MORETASKS_CPP ****
make pre-build main-build 
a9-linaro-pre-build-step
 
Building file: ../src/main.cc
Invoking: ARM v7 g++ compiler
arm-none-eabi-g++ -Wall -O0 -g3 -c -fmessage-length=0 -MT"src/main.o" -mcpu=cortex-a9 -mfpu=vfpv3 -mfloat-abi=hard -I../../RTOS_CPP_NEURONAL_bsp/ps7_cortexa9_0/include -MMD -MP -MF"src/main.d" -MT"src/main.o" -o "src/main.o" "../src/main.cc"
../src/main.cc:363:1: warning: "/*" within comment [-Wcomment]
 /*
  
../src/main.cc:365:1: warning: "/*" within comment [-Wcomment]
 /*
  
../src/main.cc:243:26: warning: narrowing conversion of 'nsize' from 'int' to 'uint {aka unsigned int}' inside { } [-Wnarrowing]
  GapJunctionIP gjip{nsize};
                          ^
../src/main.cc: In function 'int main(int, char**)':
../src/main.cc:317:15: warning: unused variable 't' [-Wunused-variable]
     for(auto &t : times){
               ^
../src/main.cc:338:11: error: redeclaration of 'float print_fp'
     float print_fp=((float)compute_acc)/CLOCKS_PER_SEC;
           ^~~~~~~~
../src/main.cc:325:11: note: 'float print_fp' previously declared here
     float print_fp=((float)HW_compute_acc)/CLOCKS_PER_SEC;
           ^~~~~~~~
../src/main.cc:328:10: warning: unused variable 'avgElapsed' [-Wunused-variable]
     auto avgElapsed = average(times);
          ^~~~~~~~~~
../src/main.cc:329:10: warning: unused variable 'standardDeviation' [-Wunused-variable]
     auto standardDeviation = standard_deviation(times);
          ^~~~~~~~~~~~~~~~~
src/subdir.mk:21: recipe for target 'src/main.o' failed
make: *** [src/main.o] Error 1
22:34:11 **** Auto Build of configuration Debug for project RTOS_NEURONAL_MORETASKS_CPP ****
make pre-build main-build 
a9-linaro-pre-build-step
 
Building file: ../src/main.cc
Invoking: ARM v7 g++ compiler
arm-none-eabi-g++ -Wall -O0 -g3 -c -fmessage-length=0 -MT"src/main.o" -mcpu=cortex-a9 -mfpu=vfpv3 -mfloat-abi=hard -I../../RTOS_CPP_NEURONAL_bsp/ps7_cortexa9_0/include -MMD -MP -MF"src/main.d" -MT"src/main.o" -o "src/main.o" "../src/main.cc"
../src/main.cc:363:1: warning: "/*" within comment [-Wcomment]
 /*
  
../src/main.cc:365:1: warning: "/*" within comment [-Wcomment]
 /*
  
../src/main.cc:243:26: warning: narrowing conversion of 'nsize' from 'int' to 'uint {aka unsigned int}' inside { } [-Wnarrowing]
  GapJunctionIP gjip{nsize};
                          ^
../src/main.cc: In function 'int main(int, char**)':
../src/main.cc:317:15: warning: unused variable 't' [-Wunused-variable]
     for(auto &t : times){
               ^
../src/main.cc:328:10: warning: unused variable 'avgElapsed' [-Wunused-variable]
     auto avgElapsed = average(times);
          ^~~~~~~~~~
../src/main.cc:329:10: warning: unused variable 'standardDeviation' [-Wunused-variable]
     auto standardDeviation = standard_deviation(times);
          ^~~~~~~~~~~~~~~~~
Finished building: ../src/main.cc
 
Building target: RTOS_NEURONAL_MORETASKS_CPP.elf
Invoking: ARM v7 g++ linker
arm-none-eabi-g++ -mcpu=cortex-a9 -mfpu=vfpv3 -mfloat-abi=hard -Wl,-build-id=none -specs=Xilinx.spec -Wl,-T -Wl,../src/lscript.ld -L../../RTOS_CPP_NEURONAL_bsp/ps7_cortexa9_0/lib -o "RTOS_NEURONAL_MORETASKS_CPP.elf"  ./src/main.o   -Wl,--start-group,-lxil,-lfreertos,-lgcc,-lc,-lstdc++,--end-group
Finished building target: RTOS_NEURONAL_MORETASKS_CPP.elf
 
Invoking: ARM v7 Print Size
arm-none-eabi-size RTOS_NEURONAL_MORETASKS_CPP.elf  |tee "RTOS_NEURONAL_MORETASKS_CPP.elf.size"
   text	   data	    bss	    dec	    hex	filename
 840358	   3644	5454080	6298082	 6019e2	RTOS_NEURONAL_MORETASKS_CPP.elf
Finished building: RTOS_NEURONAL_MORETASKS_CPP.elf.size
 
22:35:11 **** Auto Build of configuration Debug for project RTOS_NEURONAL_MORETASKS_CPP ****
make pre-build main-build 
a9-linaro-pre-build-step
 
Building file: ../src/main.cc
Invoking: ARM v7 g++ compiler
arm-none-eabi-g++ -Wall -O0 -g3 -c -fmessage-length=0 -MT"src/main.o" -mcpu=cortex-a9 -mfpu=vfpv3 -mfloat-abi=hard -I../../RTOS_CPP_NEURONAL_bsp/ps7_cortexa9_0/include -MMD -MP -MF"src/main.d" -MT"src/main.o" -o "src/main.o" "../src/main.cc"
../src/main.cc:360:1: warning: "/*" within comment [-Wcomment]
 /*
  
../src/main.cc:362:1: warning: "/*" within comment [-Wcomment]
 /*
  
../src/main.cc:243:26: warning: narrowing conversion of 'nsize' from 'int' to 'uint {aka unsigned int}' inside { } [-Wnarrowing]
  GapJunctionIP gjip{nsize};
                          ^
../src/main.cc: In function 'int main(int, char**)':
../src/main.cc:328:10: warning: unused variable 'avgElapsed' [-Wunused-variable]
     auto avgElapsed = average(times);
          ^~~~~~~~~~
../src/main.cc:329:10: warning: unused variable 'standardDeviation' [-Wunused-variable]
     auto standardDeviation = standard_deviation(times);
          ^~~~~~~~~~~~~~~~~
Finished building: ../src/main.cc
 
Building target: RTOS_NEURONAL_MORETASKS_CPP.elf
Invoking: ARM v7 g++ linker
arm-none-eabi-g++ -mcpu=cortex-a9 -mfpu=vfpv3 -mfloat-abi=hard -Wl,-build-id=none -specs=Xilinx.spec -Wl,-T -Wl,../src/lscript.ld -L../../RTOS_CPP_NEURONAL_bsp/ps7_cortexa9_0/lib -o "RTOS_NEURONAL_MORETASKS_CPP.elf"  ./src/main.o   -Wl,--start-group,-lxil,-lfreertos,-lgcc,-lc,-lstdc++,--end-group
Finished building target: RTOS_NEURONAL_MORETASKS_CPP.elf
 
Invoking: ARM v7 Print Size
arm-none-eabi-size RTOS_NEURONAL_MORETASKS_CPP.elf  |tee "RTOS_NEURONAL_MORETASKS_CPP.elf.size"
   text	   data	    bss	    dec	    hex	filename
 839854	   3644	5454080	6297578	 6017ea	RTOS_NEURONAL_MORETASKS_CPP.elf
Finished building: RTOS_NEURONAL_MORETASKS_CPP.elf.size
 
22:35:51 **** Build of configuration Debug for project NEURONAL_ONE_METHOD ****
make pre-build main-build 
a9-linaro-pre-build-step
 
Building file: ../src/main.cc
Invoking: ARM v7 g++ compiler
arm-none-eabi-g++ -Wall -O0 -g3 -c -fmessage-length=0 -MT"src/main.o" -mcpu=cortex-a9 -mfpu=vfpv3 -mfloat-abi=hard -I../../RTOS_CPP_NEURONAL_bsp/ps7_cortexa9_0/include -MMD -MP -MF"src/main.d" -MT"src/main.o" -o "src/main.o" "../src/main.cc"
Finished building: ../src/main.cc
 
Building target: NEURONAL_ONE_METHOD.elf
Invoking: ARM v7 g++ linker
arm-none-eabi-g++ -mcpu=cortex-a9 -mfpu=vfpv3 -mfloat-abi=hard -Wl,-build-id=none -specs=Xilinx.spec -Wl,-T -Wl,../src/lscript.ld -L../../RTOS_CPP_NEURONAL_bsp/ps7_cortexa9_0/lib -o "NEURONAL_ONE_METHOD.elf"  ./src/main.o   -Wl,--start-group,-lxil,-lfreertos,-lgcc,-lc,-lstdc++,--end-group
Finished building target: NEURONAL_ONE_METHOD.elf
 
Invoking: ARM v7 Print Size
arm-none-eabi-size NEURONAL_ONE_METHOD.elf  |tee "NEURONAL_ONE_METHOD.elf.size"
   text	   data	    bss	    dec	    hex	filename
  88784	   3368	  89408	 181560	  2c538	NEURONAL_ONE_METHOD.elf
Finished building: NEURONAL_ONE_METHOD.elf.size
 
22:35:52 **** Auto Build of configuration Debug for project NEURONAL_ONE_METHOD ****
make pre-build main-build 
a9-linaro-pre-build-step
 
make: Nothing to be done for 'main-build'.
22:38:48 **** Auto Build of configuration Debug for project NEURONAL_ONE_METHOD ****
make pre-build main-build 
a9-linaro-pre-build-step
 
Building file: ../src/main.cc
Invoking: ARM v7 g++ compiler
arm-none-eabi-g++ -Wall -O0 -g3 -c -fmessage-length=0 -MT"src/main.o" -mcpu=cortex-a9 -mfpu=vfpv3 -mfloat-abi=hard -I../../RTOS_CPP_NEURONAL_bsp/ps7_cortexa9_0/include -MMD -MP -MF"src/main.d" -MT"src/main.o" -o "src/main.o" "../src/main.cc"
../src/main.cc: In lambda function:
../src/main.cc:30:13: warning: unused variable 't' [-Wunused-variable]
   for(auto &t : times){
             ^
Finished building: ../src/main.cc
 
Building target: NEURONAL_ONE_METHOD.elf
Invoking: ARM v7 g++ linker
arm-none-eabi-g++ -mcpu=cortex-a9 -mfpu=vfpv3 -mfloat-abi=hard -Wl,-build-id=none -specs=Xilinx.spec -Wl,-T -Wl,../src/lscript.ld -L../../RTOS_CPP_NEURONAL_bsp/ps7_cortexa9_0/lib -o "NEURONAL_ONE_METHOD.elf"  ./src/main.o   -Wl,--start-group,-lxil,-lfreertos,-lgcc,-lc,-lstdc++,--end-group
Finished building target: NEURONAL_ONE_METHOD.elf
 
Invoking: ARM v7 Print Size
arm-none-eabi-size NEURONAL_ONE_METHOD.elf  |tee "NEURONAL_ONE_METHOD.elf.size"
   text	   data	    bss	    dec	    hex	filename
 843770	   3616	4274064	5121450	 4e25aa	NEURONAL_ONE_METHOD.elf
Finished building: NEURONAL_ONE_METHOD.elf.size
 
22:42:03 **** Auto Build of configuration Debug for project NEURONAL_ONE_METHOD ****
make pre-build main-build 
a9-linaro-pre-build-step
 
Building file: ../src/main.cc
Invoking: ARM v7 g++ compiler
arm-none-eabi-g++ -Wall -O0 -g3 -c -fmessage-length=0 -MT"src/main.o" -mcpu=cortex-a9 -mfpu=vfpv3 -mfloat-abi=hard -I../../RTOS_CPP_NEURONAL_bsp/ps7_cortexa9_0/include -MMD -MP -MF"src/main.d" -MT"src/main.o" -o "src/main.o" "../src/main.cc"
../src/main.cc: In function 'int main(int, char**)':
../src/main.cc:53:31: error: 'nsize' was not declared in this scope
   std::cout << "\tNsize: " << nsize <<"\n";
                               ^~~~~
../src/main.cc:53:31: note: suggested alternative: 'nice'
   std::cout << "\tNsize: " << nsize <<"\n";
                               ^~~~~
                               nice
../src/main.cc:64:23: error: 'C' was not declared in this scope
   gjip.copyCondMatrix(C);
                       ^
../src/main.cc:64:23: note: suggested alternative: '_C'
   gjip.copyCondMatrix(C);
                       ^
                       _C
../src/main.cc:67:20: error: 'V' was not declared in this scope
     gjip.copyVdend(V);
                    ^
../src/main.cc:70:22: error: 'begin' was not declared in this scope
     for(auto &curr : outCurrents){curr = gjip.IcBuff(idx);idx++;}
                      ^~~~~~~~~~~
../src/main.cc:70:22: note: suggested alternative:
In file included from /opt/Xilinx_Vivado_SDK_2018_2/SDK/2018.3/gnu/aarch32/lin/gcc-arm-none-eabi/arm-none-eabi/include/c++/7.3.1/string:51:0,
                 from /opt/Xilinx_Vivado_SDK_2018_2/SDK/2018.3/gnu/aarch32/lin/gcc-arm-none-eabi/arm-none-eabi/include/c++/7.3.1/bits/locale_classes.h:40,
                 from /opt/Xilinx_Vivado_SDK_2018_2/SDK/2018.3/gnu/aarch32/lin/gcc-arm-none-eabi/arm-none-eabi/include/c++/7.3.1/bits/ios_base.h:41,
                 from /opt/Xilinx_Vivado_SDK_2018_2/SDK/2018.3/gnu/aarch32/lin/gcc-arm-none-eabi/arm-none-eabi/include/c++/7.3.1/ios:42,
                 from /opt/Xilinx_Vivado_SDK_2018_2/SDK/2018.3/gnu/aarch32/lin/gcc-arm-none-eabi/arm-none-eabi/include/c++/7.3.1/ostream:38,
                 from /opt/Xilinx_Vivado_SDK_2018_2/SDK/2018.3/gnu/aarch32/lin/gcc-arm-none-eabi/arm-none-eabi/include/c++/7.3.1/iostream:39,
                 from ../src/main.cc:2:
/opt/Xilinx_Vivado_SDK_2018_2/SDK/2018.3/gnu/aarch32/lin/gcc-arm-none-eabi/arm-none-eabi/include/c++/7.3.1/bits/range_access.h:105:37: note:   'std::begin'
   template<typename _Tp> const _Tp* begin(const valarray<_Tp>&);
                                     ^~~~~
../src/main.cc:70:22: error: 'end' was not declared in this scope
     for(auto &curr : outCurrents){curr = gjip.IcBuff(idx);idx++;}
                      ^~~~~~~~~~~
../src/main.cc:70:22: note: suggested alternative:
In file included from /opt/Xilinx_Vivado_SDK_2018_2/SDK/2018.3/gnu/aarch32/lin/gcc-arm-none-eabi/arm-none-eabi/include/c++/7.3.1/string:51:0,
                 from /opt/Xilinx_Vivado_SDK_2018_2/SDK/2018.3/gnu/aarch32/lin/gcc-arm-none-eabi/arm-none-eabi/include/c++/7.3.1/bits/locale_classes.h:40,
                 from /opt/Xilinx_Vivado_SDK_2018_2/SDK/2018.3/gnu/aarch32/lin/gcc-arm-none-eabi/arm-none-eabi/include/c++/7.3.1/bits/ios_base.h:41,
                 from /opt/Xilinx_Vivado_SDK_2018_2/SDK/2018.3/gnu/aarch32/lin/gcc-arm-none-eabi/arm-none-eabi/include/c++/7.3.1/ios:42,
                 from /opt/Xilinx_Vivado_SDK_2018_2/SDK/2018.3/gnu/aarch32/lin/gcc-arm-none-eabi/arm-none-eabi/include/c++/7.3.1/ostream:38,
                 from /opt/Xilinx_Vivado_SDK_2018_2/SDK/2018.3/gnu/aarch32/lin/gcc-arm-none-eabi/arm-none-eabi/include/c++/7.3.1/iostream:39,
                 from ../src/main.cc:2:
/opt/Xilinx_Vivado_SDK_2018_2/SDK/2018.3/gnu/aarch32/lin/gcc-arm-none-eabi/arm-none-eabi/include/c++/7.3.1/bits/range_access.h:107:37: note:   'std::end'
   template<typename _Tp> const _Tp* end(const valarray<_Tp>&);
                                     ^~~
../src/main.cc:65:13: warning: unused variable 't' [-Wunused-variable]
   for(auto &t : times){
             ^
In file included from ../src/main.cc:14:0:
../src/ip-test.h: In instantiation of 'void fillWithRandomData(Container&, Container&) [with Container = int]':
../src/main.cc:56:35:   required from here
../src/ip-test.h:32:2: error: 'begin' was not declared in this scope
  for (auto &v : V) v = distV(generator);
  ^~~
../src/ip-test.h:32:2: note: suggested alternative:
In file included from /opt/Xilinx_Vivado_SDK_2018_2/SDK/2018.3/gnu/aarch32/lin/gcc-arm-none-eabi/arm-none-eabi/include/c++/7.3.1/string:51:0,
                 from /opt/Xilinx_Vivado_SDK_2018_2/SDK/2018.3/gnu/aarch32/lin/gcc-arm-none-eabi/arm-none-eabi/include/c++/7.3.1/bits/locale_classes.h:40,
                 from /opt/Xilinx_Vivado_SDK_2018_2/SDK/2018.3/gnu/aarch32/lin/gcc-arm-none-eabi/arm-none-eabi/include/c++/7.3.1/bits/ios_base.h:41,
                 from /opt/Xilinx_Vivado_SDK_2018_2/SDK/2018.3/gnu/aarch32/lin/gcc-arm-none-eabi/arm-none-eabi/include/c++/7.3.1/ios:42,
                 from /opt/Xilinx_Vivado_SDK_2018_2/SDK/2018.3/gnu/aarch32/lin/gcc-arm-none-eabi/arm-none-eabi/include/c++/7.3.1/ostream:38,
                 from /opt/Xilinx_Vivado_SDK_2018_2/SDK/2018.3/gnu/aarch32/lin/gcc-arm-none-eabi/arm-none-eabi/include/c++/7.3.1/iostream:39,
                 from ../src/main.cc:2:
/opt/Xilinx_Vivado_SDK_2018_2/SDK/2018.3/gnu/aarch32/lin/gcc-arm-none-eabi/arm-none-eabi/include/c++/7.3.1/bits/range_access.h:105:37: note:   'std::begin'
   template<typename _Tp> const _Tp* begin(const valarray<_Tp>&);
                                     ^~~~~
In file included from ../src/main.cc:14:0:
../src/ip-test.h:32:2: error: 'end' was not declared in this scope
  for (auto &v : V) v = distV(generator);
  ^~~
../src/ip-test.h:32:2: note: suggested alternative:
In file included from /opt/Xilinx_Vivado_SDK_2018_2/SDK/2018.3/gnu/aarch32/lin/gcc-arm-none-eabi/arm-none-eabi/include/c++/7.3.1/string:51:0,
                 from /opt/Xilinx_Vivado_SDK_2018_2/SDK/2018.3/gnu/aarch32/lin/gcc-arm-none-eabi/arm-none-eabi/include/c++/7.3.1/bits/locale_classes.h:40,
                 from /opt/Xilinx_Vivado_SDK_2018_2/SDK/2018.3/gnu/aarch32/lin/gcc-arm-none-eabi/arm-none-eabi/include/c++/7.3.1/bits/ios_base.h:41,
                 from /opt/Xilinx_Vivado_SDK_2018_2/SDK/2018.3/gnu/aarch32/lin/gcc-arm-none-eabi/arm-none-eabi/include/c++/7.3.1/ios:42,
                 from /opt/Xilinx_Vivado_SDK_2018_2/SDK/2018.3/gnu/aarch32/lin/gcc-arm-none-eabi/arm-none-eabi/include/c++/7.3.1/ostream:38,
                 from /opt/Xilinx_Vivado_SDK_2018_2/SDK/2018.3/gnu/aarch32/lin/gcc-arm-none-eabi/arm-none-eabi/include/c++/7.3.1/iostream:39,
                 from ../src/main.cc:2:
/opt/Xilinx_Vivado_SDK_2018_2/SDK/2018.3/gnu/aarch32/lin/gcc-arm-none-eabi/arm-none-eabi/include/c++/7.3.1/bits/range_access.h:107:37: note:   'std::end'
   template<typename _Tp> const _Tp* end(const valarray<_Tp>&);
                                     ^~~
In file included from ../src/main.cc:14:0:
../src/ip-test.h:33:2: error: 'begin' was not declared in this scope
  for (auto &c : C) c = distC(generator);
  ^~~
../src/ip-test.h:33:2: note: suggested alternative:
In file included from /opt/Xilinx_Vivado_SDK_2018_2/SDK/2018.3/gnu/aarch32/lin/gcc-arm-none-eabi/arm-none-eabi/include/c++/7.3.1/string:51:0,
                 from /opt/Xilinx_Vivado_SDK_2018_2/SDK/2018.3/gnu/aarch32/lin/gcc-arm-none-eabi/arm-none-eabi/include/c++/7.3.1/bits/locale_classes.h:40,
                 from /opt/Xilinx_Vivado_SDK_2018_2/SDK/2018.3/gnu/aarch32/lin/gcc-arm-none-eabi/arm-none-eabi/include/c++/7.3.1/bits/ios_base.h:41,
                 from /opt/Xilinx_Vivado_SDK_2018_2/SDK/2018.3/gnu/aarch32/lin/gcc-arm-none-eabi/arm-none-eabi/include/c++/7.3.1/ios:42,
                 from /opt/Xilinx_Vivado_SDK_2018_2/SDK/2018.3/gnu/aarch32/lin/gcc-arm-none-eabi/arm-none-eabi/include/c++/7.3.1/ostream:38,
                 from /opt/Xilinx_Vivado_SDK_2018_2/SDK/2018.3/gnu/aarch32/lin/gcc-arm-none-eabi/arm-none-eabi/include/c++/7.3.1/iostream:39,
                 from ../src/main.cc:2:
/opt/Xilinx_Vivado_SDK_2018_2/SDK/2018.3/gnu/aarch32/lin/gcc-arm-none-eabi/arm-none-eabi/include/c++/7.3.1/bits/range_access.h:105:37: note:   'std::begin'
   template<typename _Tp> const _Tp* begin(const valarray<_Tp>&);
                                     ^~~~~
In file included from ../src/main.cc:14:0:
../src/ip-test.h:33:2: error: 'end' was not declared in this scope
  for (auto &c : C) c = distC(generator);
  ^~~
../src/ip-test.h:33:2: note: suggested alternative:
In file included from /opt/Xilinx_Vivado_SDK_2018_2/SDK/2018.3/gnu/aarch32/lin/gcc-arm-none-eabi/arm-none-eabi/include/c++/7.3.1/string:51:0,
                 from /opt/Xilinx_Vivado_SDK_2018_2/SDK/2018.3/gnu/aarch32/lin/gcc-arm-none-eabi/arm-none-eabi/include/c++/7.3.1/bits/locale_classes.h:40,
                 from /opt/Xilinx_Vivado_SDK_2018_2/SDK/2018.3/gnu/aarch32/lin/gcc-arm-none-eabi/arm-none-eabi/include/c++/7.3.1/bits/ios_base.h:41,
                 from /opt/Xilinx_Vivado_SDK_2018_2/SDK/2018.3/gnu/aarch32/lin/gcc-arm-none-eabi/arm-none-eabi/include/c++/7.3.1/ios:42,
                 from /opt/Xilinx_Vivado_SDK_2018_2/SDK/2018.3/gnu/aarch32/lin/gcc-arm-none-eabi/arm-none-eabi/include/c++/7.3.1/ostream:38,
                 from /opt/Xilinx_Vivado_SDK_2018_2/SDK/2018.3/gnu/aarch32/lin/gcc-arm-none-eabi/arm-none-eabi/include/c++/7.3.1/iostream:39,
                 from ../src/main.cc:2:
/opt/Xilinx_Vivado_SDK_2018_2/SDK/2018.3/gnu/aarch32/lin/gcc-arm-none-eabi/arm-none-eabi/include/c++/7.3.1/bits/range_access.h:107:37: note:   'std::end'
   template<typename _Tp> const _Tp* end(const valarray<_Tp>&);
                                     ^~~
make: *** [src/main.o] Error 1
src/subdir.mk:21: recipe for target 'src/main.o' failed
22:42:22 **** Auto Build of configuration Debug for project NEURONAL_ONE_METHOD ****
make pre-build main-build 
a9-linaro-pre-build-step
 
Building file: ../src/main.cc
Invoking: ARM v7 g++ compiler
arm-none-eabi-g++ -Wall -O0 -g3 -c -fmessage-length=0 -MT"src/main.o" -mcpu=cortex-a9 -mfpu=vfpv3 -mfloat-abi=hard -I../../RTOS_CPP_NEURONAL_bsp/ps7_cortexa9_0/include -MMD -MP -MF"src/main.d" -MT"src/main.o" -o "src/main.o" "../src/main.cc"
../src/main.cc: In function 'int main(int, char**)':
../src/main.cc:63:33: error: 'nsize' was not declared in this scope
   auto gjip = makeGapJunctionIP(nsize);
                                 ^~~~~
../src/main.cc:63:33: note: suggested alternative: 'nice'
   auto gjip = makeGapJunctionIP(nsize);
                                 ^~~~~
                                 nice
../src/main.cc:65:23: error: 'C' was not declared in this scope
   gjip.copyCondMatrix(C);
                       ^
../src/main.cc:65:23: note: suggested alternative: '_C'
   gjip.copyCondMatrix(C);
                       ^
                       _C
../src/main.cc:68:20: error: 'V' was not declared in this scope
     gjip.copyVdend(V);
                    ^
../src/main.cc:71:22: error: 'begin' was not declared in this scope
     for(auto &curr : outCurrents){curr = gjip.IcBuff(idx);idx++;}
                      ^~~~~~~~~~~
../src/main.cc:71:22: note: suggested alternative:
In file included from /opt/Xilinx_Vivado_SDK_2018_2/SDK/2018.3/gnu/aarch32/lin/gcc-arm-none-eabi/arm-none-eabi/include/c++/7.3.1/string:51:0,
                 from /opt/Xilinx_Vivado_SDK_2018_2/SDK/2018.3/gnu/aarch32/lin/gcc-arm-none-eabi/arm-none-eabi/include/c++/7.3.1/bits/locale_classes.h:40,
                 from /opt/Xilinx_Vivado_SDK_2018_2/SDK/2018.3/gnu/aarch32/lin/gcc-arm-none-eabi/arm-none-eabi/include/c++/7.3.1/bits/ios_base.h:41,
                 from /opt/Xilinx_Vivado_SDK_2018_2/SDK/2018.3/gnu/aarch32/lin/gcc-arm-none-eabi/arm-none-eabi/include/c++/7.3.1/ios:42,
                 from /opt/Xilinx_Vivado_SDK_2018_2/SDK/2018.3/gnu/aarch32/lin/gcc-arm-none-eabi/arm-none-eabi/include/c++/7.3.1/ostream:38,
                 from /opt/Xilinx_Vivado_SDK_2018_2/SDK/2018.3/gnu/aarch32/lin/gcc-arm-none-eabi/arm-none-eabi/include/c++/7.3.1/iostream:39,
                 from ../src/main.cc:2:
/opt/Xilinx_Vivado_SDK_2018_2/SDK/2018.3/gnu/aarch32/lin/gcc-arm-none-eabi/arm-none-eabi/include/c++/7.3.1/bits/range_access.h:105:37: note:   'std::begin'
   template<typename _Tp> const _Tp* begin(const valarray<_Tp>&);
                                     ^~~~~
../src/main.cc:71:22: error: 'end' was not declared in this scope
     for(auto &curr : outCurrents){curr = gjip.IcBuff(idx);idx++;}
                      ^~~~~~~~~~~
../src/main.cc:71:22: note: suggested alternative:
In file included from /opt/Xilinx_Vivado_SDK_2018_2/SDK/2018.3/gnu/aarch32/lin/gcc-arm-none-eabi/arm-none-eabi/include/c++/7.3.1/string:51:0,
                 from /opt/Xilinx_Vivado_SDK_2018_2/SDK/2018.3/gnu/aarch32/lin/gcc-arm-none-eabi/arm-none-eabi/include/c++/7.3.1/bits/locale_classes.h:40,
                 from /opt/Xilinx_Vivado_SDK_2018_2/SDK/2018.3/gnu/aarch32/lin/gcc-arm-none-eabi/arm-none-eabi/include/c++/7.3.1/bits/ios_base.h:41,
                 from /opt/Xilinx_Vivado_SDK_2018_2/SDK/2018.3/gnu/aarch32/lin/gcc-arm-none-eabi/arm-none-eabi/include/c++/7.3.1/ios:42,
                 from /opt/Xilinx_Vivado_SDK_2018_2/SDK/2018.3/gnu/aarch32/lin/gcc-arm-none-eabi/arm-none-eabi/include/c++/7.3.1/ostream:38,
                 from /opt/Xilinx_Vivado_SDK_2018_2/SDK/2018.3/gnu/aarch32/lin/gcc-arm-none-eabi/arm-none-eabi/include/c++/7.3.1/iostream:39,
                 from ../src/main.cc:2:
/opt/Xilinx_Vivado_SDK_2018_2/SDK/2018.3/gnu/aarch32/lin/gcc-arm-none-eabi/arm-none-eabi/include/c++/7.3.1/bits/range_access.h:107:37: note:   'std::end'
   template<typename _Tp> const _Tp* end(const valarray<_Tp>&);
                                     ^~~
../src/main.cc:66:13: warning: unused variable 't' [-Wunused-variable]
   for(auto &t : times){
             ^
In file included from ../src/main.cc:14:0:
../src/ip-test.h: In instantiation of 'void fillWithRandomData(Container&, Container&) [with Container = int]':
../src/main.cc:57:35:   required from here
../src/ip-test.h:32:2: error: 'begin' was not declared in this scope
  for (auto &v : V) v = distV(generator);
  ^~~
../src/ip-test.h:32:2: note: suggested alternative:
In file included from /opt/Xilinx_Vivado_SDK_2018_2/SDK/2018.3/gnu/aarch32/lin/gcc-arm-none-eabi/arm-none-eabi/include/c++/7.3.1/string:51:0,
                 from /opt/Xilinx_Vivado_SDK_2018_2/SDK/2018.3/gnu/aarch32/lin/gcc-arm-none-eabi/arm-none-eabi/include/c++/7.3.1/bits/locale_classes.h:40,
                 from /opt/Xilinx_Vivado_SDK_2018_2/SDK/2018.3/gnu/aarch32/lin/gcc-arm-none-eabi/arm-none-eabi/include/c++/7.3.1/bits/ios_base.h:41,
                 from /opt/Xilinx_Vivado_SDK_2018_2/SDK/2018.3/gnu/aarch32/lin/gcc-arm-none-eabi/arm-none-eabi/include/c++/7.3.1/ios:42,
                 from /opt/Xilinx_Vivado_SDK_2018_2/SDK/2018.3/gnu/aarch32/lin/gcc-arm-none-eabi/arm-none-eabi/include/c++/7.3.1/ostream:38,
                 from /opt/Xilinx_Vivado_SDK_2018_2/SDK/2018.3/gnu/aarch32/lin/gcc-arm-none-eabi/arm-none-eabi/include/c++/7.3.1/iostream:39,
                 from ../src/main.cc:2:
/opt/Xilinx_Vivado_SDK_2018_2/SDK/2018.3/gnu/aarch32/lin/gcc-arm-none-eabi/arm-none-eabi/include/c++/7.3.1/bits/range_access.h:105:37: note:   'std::begin'
   template<typename _Tp> const _Tp* begin(const valarray<_Tp>&);
                                     ^~~~~
In file included from ../src/main.cc:14:0:
../src/ip-test.h:32:2: error: 'end' was not declared in this scope
  for (auto &v : V) v = distV(generator);
  ^~~
../src/ip-test.h:32:2: note: suggested alternative:
In file included from /opt/Xilinx_Vivado_SDK_2018_2/SDK/2018.3/gnu/aarch32/lin/gcc-arm-none-eabi/arm-none-eabi/include/c++/7.3.1/string:51:0,
                 from /opt/Xilinx_Vivado_SDK_2018_2/SDK/2018.3/gnu/aarch32/lin/gcc-arm-none-eabi/arm-none-eabi/include/c++/7.3.1/bits/locale_classes.h:40,
                 from /opt/Xilinx_Vivado_SDK_2018_2/SDK/2018.3/gnu/aarch32/lin/gcc-arm-none-eabi/arm-none-eabi/include/c++/7.3.1/bits/ios_base.h:41,
                 from /opt/Xilinx_Vivado_SDK_2018_2/SDK/2018.3/gnu/aarch32/lin/gcc-arm-none-eabi/arm-none-eabi/include/c++/7.3.1/ios:42,
                 from /opt/Xilinx_Vivado_SDK_2018_2/SDK/2018.3/gnu/aarch32/lin/gcc-arm-none-eabi/arm-none-eabi/include/c++/7.3.1/ostream:38,
                 from /opt/Xilinx_Vivado_SDK_2018_2/SDK/2018.3/gnu/aarch32/lin/gcc-arm-none-eabi/arm-none-eabi/include/c++/7.3.1/iostream:39,
                 from ../src/main.cc:2:
/opt/Xilinx_Vivado_SDK_2018_2/SDK/2018.3/gnu/aarch32/lin/gcc-arm-none-eabi/arm-none-eabi/include/c++/7.3.1/bits/range_access.h:107:37: note:   'std::end'
   template<typename _Tp> const _Tp* end(const valarray<_Tp>&);
                                     ^~~
In file included from ../src/main.cc:14:0:
../src/ip-test.h:33:2: error: 'begin' was not declared in this scope
  for (auto &c : C) c = distC(generator);
  ^~~
../src/ip-test.h:33:2: note: suggested alternative:
In file included from /opt/Xilinx_Vivado_SDK_2018_2/SDK/2018.3/gnu/aarch32/lin/gcc-arm-none-eabi/arm-none-eabi/include/c++/7.3.1/string:51:0,
                 from /opt/Xilinx_Vivado_SDK_2018_2/SDK/2018.3/gnu/aarch32/lin/gcc-arm-none-eabi/arm-none-eabi/include/c++/7.3.1/bits/locale_classes.h:40,
                 from /opt/Xilinx_Vivado_SDK_2018_2/SDK/2018.3/gnu/aarch32/lin/gcc-arm-none-eabi/arm-none-eabi/include/c++/7.3.1/bits/ios_base.h:41,
                 from /opt/Xilinx_Vivado_SDK_2018_2/SDK/2018.3/gnu/aarch32/lin/gcc-arm-none-eabi/arm-none-eabi/include/c++/7.3.1/ios:42,
                 from /opt/Xilinx_Vivado_SDK_2018_2/SDK/2018.3/gnu/aarch32/lin/gcc-arm-none-eabi/arm-none-eabi/include/c++/7.3.1/ostream:38,
                 from /opt/Xilinx_Vivado_SDK_2018_2/SDK/2018.3/gnu/aarch32/lin/gcc-arm-none-eabi/arm-none-eabi/include/c++/7.3.1/iostream:39,
                 from ../src/main.cc:2:
/opt/Xilinx_Vivado_SDK_2018_2/SDK/2018.3/gnu/aarch32/lin/gcc-arm-none-eabi/arm-none-eabi/include/c++/7.3.1/bits/range_access.h:105:37: note:   'std::begin'
   template<typename _Tp> const _Tp* begin(const valarray<_Tp>&);
                                     ^~~~~
In file included from ../src/main.cc:14:0:
../src/ip-test.h:33:2: error: 'end' was not declared in this scope
  for (auto &c : C) c = distC(generator);
  ^~~
../src/ip-test.h:33:2: note: suggested alternative:
In file included from /opt/Xilinx_Vivado_SDK_2018_2/SDK/2018.3/gnu/aarch32/lin/gcc-arm-none-eabi/arm-none-eabi/include/c++/7.3.1/string:51:0,
                 from /opt/Xilinx_Vivado_SDK_2018_2/SDK/2018.3/gnu/aarch32/lin/gcc-arm-none-eabi/arm-none-eabi/include/c++/7.3.1/bits/locale_classes.h:40,
                 from /opt/Xilinx_Vivado_SDK_2018_2/SDK/2018.3/gnu/aarch32/lin/gcc-arm-none-eabi/arm-none-eabi/include/c++/7.3.1/bits/ios_base.h:41,
                 from /opt/Xilinx_Vivado_SDK_2018_2/SDK/2018.3/gnu/aarch32/lin/gcc-arm-none-eabi/arm-none-eabi/include/c++/7.3.1/ios:42,
                 from /opt/Xilinx_Vivado_SDK_2018_2/SDK/2018.3/gnu/aarch32/lin/gcc-arm-none-eabi/arm-none-eabi/include/c++/7.3.1/ostream:38,
                 from /opt/Xilinx_Vivado_SDK_2018_2/SDK/2018.3/gnu/aarch32/lin/gcc-arm-none-eabi/arm-none-eabi/include/c++/7.3.1/iostream:39,
                 from ../src/main.cc:2:
/opt/Xilinx_Vivado_SDK_2018_2/SDK/2018.3/gnu/aarch32/lin/gcc-arm-none-eabi/arm-none-eabi/include/c++/7.3.1/bits/range_access.h:107:37: note:   'std::end'
   template<typename _Tp> const _Tp* end(const valarray<_Tp>&);
                                     ^~~
make: *** [src/main.o] Error 1
src/subdir.mk:21: recipe for target 'src/main.o' failed
22:42:59 **** Auto Build of configuration Debug for project NEURONAL_ONE_METHOD ****
make pre-build main-build 
a9-linaro-pre-build-step
 
Building file: ../src/main.cc
Invoking: ARM v7 g++ compiler
arm-none-eabi-g++ -Wall -O0 -g3 -c -fmessage-length=0 -MT"src/main.o" -mcpu=cortex-a9 -mfpu=vfpv3 -mfloat-abi=hard -I../../RTOS_CPP_NEURONAL_bsp/ps7_cortexa9_0/include -MMD -MP -MF"src/main.d" -MT"src/main.o" -o "src/main.o" "../src/main.cc"
../src/main.cc: In function 'int main(int, char**)':
../src/main.cc:68:20: error: 'V' was not declared in this scope
     gjip.copyVdend(V);
                    ^
../src/main.cc:71:22: error: 'begin' was not declared in this scope
     for(auto &curr : outCurrents){curr = gjip.IcBuff(idx);idx++;}
                      ^~~~~~~~~~~
../src/main.cc:71:22: note: suggested alternative:
In file included from /opt/Xilinx_Vivado_SDK_2018_2/SDK/2018.3/gnu/aarch32/lin/gcc-arm-none-eabi/arm-none-eabi/include/c++/7.3.1/string:51:0,
                 from /opt/Xilinx_Vivado_SDK_2018_2/SDK/2018.3/gnu/aarch32/lin/gcc-arm-none-eabi/arm-none-eabi/include/c++/7.3.1/bits/locale_classes.h:40,
                 from /opt/Xilinx_Vivado_SDK_2018_2/SDK/2018.3/gnu/aarch32/lin/gcc-arm-none-eabi/arm-none-eabi/include/c++/7.3.1/bits/ios_base.h:41,
                 from /opt/Xilinx_Vivado_SDK_2018_2/SDK/2018.3/gnu/aarch32/lin/gcc-arm-none-eabi/arm-none-eabi/include/c++/7.3.1/ios:42,
                 from /opt/Xilinx_Vivado_SDK_2018_2/SDK/2018.3/gnu/aarch32/lin/gcc-arm-none-eabi/arm-none-eabi/include/c++/7.3.1/ostream:38,
[...]
Finished building: ../src/main.cc
 
Building target: RTOS_NEURONAL_MORETASKS_CPP.elf
Invoking: ARM v7 g++ linker
arm-none-eabi-g++ -mcpu=cortex-a9 -mfpu=vfpv3 -mfloat-abi=hard -Wl,-build-id=none -specs=Xilinx.spec -Wl,-T -Wl,../src/lscript.ld -L../../RTOS_CPP_NEURONAL_bsp/ps7_cortexa9_0/lib -o "RTOS_NEURONAL_MORETASKS_CPP.elf"  ./src/main.o   -Wl,--start-group,-lxil,-lfreertos,-lgcc,-lc,-lstdc++,--end-group
Finished building target: RTOS_NEURONAL_MORETASKS_CPP.elf
 
Invoking: ARM v7 Print Size
arm-none-eabi-size RTOS_NEURONAL_MORETASKS_CPP.elf  |tee "RTOS_NEURONAL_MORETASKS_CPP.elf.size"
   text	   data	    bss	    dec	    hex	filename
 839470	   3636	10565912	11409018	 ae167a	RTOS_NEURONAL_MORETASKS_CPP.elf
Finished building: RTOS_NEURONAL_MORETASKS_CPP.elf.size
 
11:47:31 **** Incremental Build of configuration Debug for project RTOS_NEURONAL_MORETASKS_CPP ****
make pre-build main-build 
a9-linaro-pre-build-step
 
make: Nothing to be done for 'main-build'.
11:47:49 **** Incremental Build of configuration Debug for project RTOS_NEURONAL_MORETASKS_CPP ****
make pre-build main-build 
a9-linaro-pre-build-step
 
make: Nothing to be done for 'main-build'.
11:48:55 **** Auto Build of configuration Debug for project RTOS_NEURONAL_MORETASKS_CPP ****
make pre-build main-build 
a9-linaro-pre-build-step
 
Building file: ../src/main.cc
Invoking: ARM v7 g++ compiler
arm-none-eabi-g++ -Wall -O0 -g3 -c -fmessage-length=0 -MT"src/main.o" -mcpu=cortex-a9 -mfpu=vfpv3 -mfloat-abi=hard -I../../RTOS_CPP_NEURONAL_bsp/ps7_cortexa9_0/include -MMD -MP -MF"src/main.d" -MT"src/main.o" -o "src/main.o" "../src/main.cc"
Finished building: ../src/main.cc
 
Building target: RTOS_NEURONAL_MORETASKS_CPP.elf
Invoking: ARM v7 g++ linker
arm-none-eabi-g++ -mcpu=cortex-a9 -mfpu=vfpv3 -mfloat-abi=hard -Wl,-build-id=none -specs=Xilinx.spec -Wl,-T -Wl,../src/lscript.ld -L../../RTOS_CPP_NEURONAL_bsp/ps7_cortexa9_0/lib -o "RTOS_NEURONAL_MORETASKS_CPP.elf"  ./src/main.o   -Wl,--start-group,-lxil,-lfreertos,-lgcc,-lc,-lstdc++,--end-group
Finished building target: RTOS_NEURONAL_MORETASKS_CPP.elf
 
Invoking: ARM v7 Print Size
arm-none-eabi-size RTOS_NEURONAL_MORETASKS_CPP.elf  |tee "RTOS_NEURONAL_MORETASKS_CPP.elf.size"
   text	   data	    bss	    dec	    hex	filename
 839470	   3636	10565912	11409018	 ae167a	RTOS_NEURONAL_MORETASKS_CPP.elf
Finished building: RTOS_NEURONAL_MORETASKS_CPP.elf.size
 
11:49:00 **** Incremental Build of configuration Debug for project RTOS_NEURONAL_MORETASKS_CPP ****
make pre-build main-build 
a9-linaro-pre-build-step
 
make: Nothing to be done for 'main-build'.
11:49:16 **** Incremental Build of configuration Debug for project RTOS_NEURONAL_MORETASKS_CPP ****
make pre-build main-build 
a9-linaro-pre-build-step
 
make: Nothing to be done for 'main-build'.
11:52:11 **** Auto Build of configuration Debug for project RTOS_NEURONAL_MORETASKS_CPP ****
make pre-build main-build 
a9-linaro-pre-build-step
 
Building file: ../src/main.cc
Invoking: ARM v7 g++ compiler
arm-none-eabi-g++ -Wall -O0 -g3 -c -fmessage-length=0 -MT"src/main.o" -mcpu=cortex-a9 -mfpu=vfpv3 -mfloat-abi=hard -I../../RTOS_CPP_NEURONAL_bsp/ps7_cortexa9_0/include -MMD -MP -MF"src/main.d" -MT"src/main.o" -o "src/main.o" "../src/main.cc"
Finished building: ../src/main.cc
 
Building target: RTOS_NEURONAL_MORETASKS_CPP.elf
Invoking: ARM v7 g++ linker
arm-none-eabi-g++ -mcpu=cortex-a9 -mfpu=vfpv3 -mfloat-abi=hard -Wl,-build-id=none -specs=Xilinx.spec -Wl,-T -Wl,../src/lscript.ld -L../../RTOS_CPP_NEURONAL_bsp/ps7_cortexa9_0/lib -o "RTOS_NEURONAL_MORETASKS_CPP.elf"  ./src/main.o   -Wl,--start-group,-lxil,-lfreertos,-lgcc,-lc,-lstdc++,--end-group
Finished building target: RTOS_NEURONAL_MORETASKS_CPP.elf
 
Invoking: ARM v7 Print Size
arm-none-eabi-size RTOS_NEURONAL_MORETASKS_CPP.elf  |tee "RTOS_NEURONAL_MORETASKS_CPP.elf.size"
   text	   data	    bss	    dec	    hex	filename
 839470	   3636	10565912	11409018	 ae167a	RTOS_NEURONAL_MORETASKS_CPP.elf
Finished building: RTOS_NEURONAL_MORETASKS_CPP.elf.size
 
11:52:33 **** Incremental Build of configuration Debug for project RTOS_NEURONAL_MORETASKS_CPP ****
make pre-build main-build 
a9-linaro-pre-build-step
 
make: Nothing to be done for 'main-build'.
11:52:47 **** Incremental Build of configuration Debug for project RTOS_NEURONAL_MORETASKS_CPP ****
make pre-build main-build 
a9-linaro-pre-build-step
 
make: Nothing to be done for 'main-build'.
11:55:27 **** Incremental Build of configuration Debug for project RTOS_NEURONAL_MORETASKS_CPP ****
make pre-build main-build 
a9-linaro-pre-build-step
 
make: Nothing to be done for 'main-build'.
11:55:55 **** Incremental Build of configuration Debug for project RTOS_NEURONAL_MORETASKS_CPP ****
make pre-build main-build 
a9-linaro-pre-build-step
 
make: Nothing to be done for 'main-build'.
11:56:10 **** Incremental Build of configuration Debug for project RTOS_NEURONAL_MORETASKS_CPP ****
make pre-build main-build 
a9-linaro-pre-build-step
 
make: Nothing to be done for 'main-build'.
12:29:03 **** Auto Build of configuration Debug for project RTOS_NEURONAL_MORETASKS_CPP ****
make pre-build main-build 
a9-linaro-pre-build-step
 
Building file: ../src/main.cc
Invoking: ARM v7 g++ compiler
arm-none-eabi-g++ -Wall -O0 -g3 -c -fmessage-length=0 -MT"src/main.o" -mcpu=cortex-a9 -mfpu=vfpv3 -mfloat-abi=hard -I../../RTOS_CPP_NEURONAL_bsp/ps7_cortexa9_0/include -MMD -MP -MF"src/main.d" -MT"src/main.o" -o "src/main.o" "../src/main.cc"
../src/main.cc: In function 'int main(int, char**)':
../src/main.cc:268:3: error: 'xQueue' was not declared in this scope
   xQueue = xQueueCreate(100,sizeof(gjip));
   ^~~~~~
src/subdir.mk:21: recipe for target 'src/main.o' failed
make: *** [src/main.o] Error 1
12:29:50 **** Auto Build of configuration Debug for project RTOS_NEURONAL_MORETASKS_CPP ****
make pre-build main-build 
a9-linaro-pre-build-step
 
Building file: ../src/main.cc
Invoking: ARM v7 g++ compiler
arm-none-eabi-g++ -Wall -O0 -g3 -c -fmessage-length=0 -MT"src/main.o" -mcpu=cortex-a9 -mfpu=vfpv3 -mfloat-abi=hard -I../../RTOS_CPP_NEURONAL_bsp/ps7_cortexa9_0/include -MMD -MP -MF"src/main.d" -MT"src/main.o" -o "src/main.o" "../src/main.cc"
Finished building: ../src/main.cc
 
Building target: RTOS_NEURONAL_MORETASKS_CPP.elf
Invoking: ARM v7 g++ linker
arm-none-eabi-g++ -mcpu=cortex-a9 -mfpu=vfpv3 -mfloat-abi=hard -Wl,-build-id=none -specs=Xilinx.spec -Wl,-T -Wl,../src/lscript.ld -L../../RTOS_CPP_NEURONAL_bsp/ps7_cortexa9_0/lib -o "RTOS_NEURONAL_MORETASKS_CPP.elf"  ./src/main.o   -Wl,--start-group,-lxil,-lfreertos,-lgcc,-lc,-lstdc++,--end-group
Finished building target: RTOS_NEURONAL_MORETASKS_CPP.elf
 
Invoking: ARM v7 Print Size
arm-none-eabi-size RTOS_NEURONAL_MORETASKS_CPP.elf  |tee "RTOS_NEURONAL_MORETASKS_CPP.elf.size"
   text	   data	    bss	    dec	    hex	filename
 839534	   3636	10565912	11409082	 ae16ba	RTOS_NEURONAL_MORETASKS_CPP.elf
Finished building: RTOS_NEURONAL_MORETASKS_CPP.elf.size
 
12:29:57 **** Auto Build of configuration Debug for project RTOS_NEURONAL_MORETASKS_CPP ****
make pre-build main-build 
a9-linaro-pre-build-step
 
Building file: ../src/main.cc
Invoking: ARM v7 g++ compiler
arm-none-eabi-g++ -Wall -O0 -g3 -c -fmessage-length=0 -MT"src/main.o" -mcpu=cortex-a9 -mfpu=vfpv3 -mfloat-abi=hard -I../../RTOS_CPP_NEURONAL_bsp/ps7_cortexa9_0/include -MMD -MP -MF"src/main.d" -MT"src/main.o" -o "src/main.o" "../src/main.cc"
../src/main.cc: In function 'void vTimerCallback(TimerHandle_t)':
../src/main.cc:376:6: error: 'RxtaskCntr' was not declared in this scope
  if (RxtaskCntr >= TIMER_CHECK_THRESHOLD) {
      ^~~~~~~~~~
make: *** [src/main.o] Error 1
src/subdir.mk:21: recipe for target 'src/main.o' failed
12:30:20 **** Auto Build of configuration Debug for project RTOS_NEURONAL_MORETASKS_CPP ****
make pre-build main-build 
a9-linaro-pre-build-step
 
Building file: ../src/main.cc
Invoking: ARM v7 g++ compiler
arm-none-eabi-g++ -Wall -O0 -g3 -c -fmessage-length=0 -MT"src/main.o" -mcpu=cortex-a9 -mfpu=vfpv3 -mfloat-abi=hard -I../../RTOS_CPP_NEURONAL_bsp/ps7_cortexa9_0/include -MMD -MP -MF"src/main.d" -MT"src/main.o" -o "src/main.o" "../src/main.cc"
Finished building: ../src/main.cc
 
Building target: RTOS_NEURONAL_MORETASKS_CPP.elf
Invoking: ARM v7 g++ linker
arm-none-eabi-g++ -mcpu=cortex-a9 -mfpu=vfpv3 -mfloat-abi=hard -Wl,-build-id=none -specs=Xilinx.spec -Wl,-T -Wl,../src/lscript.ld -L../../RTOS_CPP_NEURONAL_bsp/ps7_cortexa9_0/lib -o "RTOS_NEURONAL_MORETASKS_CPP.elf"  ./src/main.o   -Wl,--start-group,-lxil,-lfreertos,-lgcc,-lc,-lstdc++,--end-group
Finished building target: RTOS_NEURONAL_MORETASKS_CPP.elf
 
Invoking: ARM v7 Print Size
arm-none-eabi-size RTOS_NEURONAL_MORETASKS_CPP.elf  |tee "RTOS_NEURONAL_MORETASKS_CPP.elf.size"
   text	   data	    bss	    dec	    hex	filename
 839430	   3620	10565912	11408962	 ae1642	RTOS_NEURONAL_MORETASKS_CPP.elf
Finished building: RTOS_NEURONAL_MORETASKS_CPP.elf.size
 
12:30:32 **** Auto Build of configuration Debug for project RTOS_NEURONAL_MORETASKS_CPP ****
make pre-build main-build 
a9-linaro-pre-build-step
 
Building file: ../src/main.cc
Invoking: ARM v7 g++ compiler
arm-none-eabi-g++ -Wall -O0 -g3 -c -fmessage-length=0 -MT"src/main.o" -mcpu=cortex-a9 -mfpu=vfpv3 -mfloat-abi=hard -I../../RTOS_CPP_NEURONAL_bsp/ps7_cortexa9_0/include -MMD -MP -MF"src/main.d" -MT"src/main.o" -o "src/main.o" "../src/main.cc"
Finished building: ../src/main.cc
 
Building target: RTOS_NEURONAL_MORETASKS_CPP.elf
Invoking: ARM v7 g++ linker
arm-none-eabi-g++ -mcpu=cortex-a9 -mfpu=vfpv3 -mfloat-abi=hard -Wl,-build-id=none -specs=Xilinx.spec -Wl,-T -Wl,../src/lscript.ld -L../../RTOS_CPP_NEURONAL_bsp/ps7_cortexa9_0/lib -o "RTOS_NEURONAL_MORETASKS_CPP.elf"  ./src/main.o   -Wl,--start-group,-lxil,-lfreertos,-lgcc,-lc,-lstdc++,--end-group
Finished building target: RTOS_NEURONAL_MORETASKS_CPP.elf
 
Invoking: ARM v7 Print Size
arm-none-eabi-size RTOS_NEURONAL_MORETASKS_CPP.elf  |tee "RTOS_NEURONAL_MORETASKS_CPP.elf.size"
   text	   data	    bss	    dec	    hex	filename
 839414	   3620	10565912	11408946	 ae1632	RTOS_NEURONAL_MORETASKS_CPP.elf
Finished building: RTOS_NEURONAL_MORETASKS_CPP.elf.size
 
12:30:59 **** Auto Build of configuration Debug for project RTOS_NEURONAL_MORETASKS_CPP ****
make pre-build main-build 
a9-linaro-pre-build-step
 
Building file: ../src/main.cc
Invoking: ARM v7 g++ compiler
arm-none-eabi-g++ -Wall -O0 -g3 -c -fmessage-length=0 -MT"src/main.o" -mcpu=cortex-a9 -mfpu=vfpv3 -mfloat-abi=hard -I../../RTOS_CPP_NEURONAL_bsp/ps7_cortexa9_0/include -MMD -MP -MF"src/main.d" -MT"src/main.o" -o "src/main.o" "../src/main.cc"
Finished building: ../src/main.cc
 
Building target: RTOS_NEURONAL_MORETASKS_CPP.elf
Invoking: ARM v7 g++ linker
arm-none-eabi-g++ -mcpu=cortex-a9 -mfpu=vfpv3 -mfloat-abi=hard -Wl,-build-id=none -specs=Xilinx.spec -Wl,-T -Wl,../src/lscript.ld -L../../RTOS_CPP_NEURONAL_bsp/ps7_cortexa9_0/lib -o "RTOS_NEURONAL_MORETASKS_CPP.elf"  ./src/main.o   -Wl,--start-group,-lxil,-lfreertos,-lgcc,-lc,-lstdc++,--end-group
Finished building target: RTOS_NEURONAL_MORETASKS_CPP.elf
 
Invoking: ARM v7 Print Size
arm-none-eabi-size RTOS_NEURONAL_MORETASKS_CPP.elf  |tee "RTOS_NEURONAL_MORETASKS_CPP.elf.size"
   text	   data	    bss	    dec	    hex	filename
 839414	   3620	10565912	11408946	 ae1632	RTOS_NEURONAL_MORETASKS_CPP.elf
Finished building: RTOS_NEURONAL_MORETASKS_CPP.elf.size
 
12:31:33 **** Auto Build of configuration Debug for project RTOS_NEURONAL_MORETASKS_CPP ****
make pre-build main-build 
a9-linaro-pre-build-step
 
Building file: ../src/main.cc
Invoking: ARM v7 g++ compiler
arm-none-eabi-g++ -Wall -O0 -g3 -c -fmessage-length=0 -MT"src/main.o" -mcpu=cortex-a9 -mfpu=vfpv3 -mfloat-abi=hard -I../../RTOS_CPP_NEURONAL_bsp/ps7_cortexa9_0/include -MMD -MP -MF"src/main.d" -MT"src/main.o" -o "src/main.o" "../src/main.cc"
Finished building: ../src/main.cc
 
Building target: RTOS_NEURONAL_MORETASKS_CPP.elf
Invoking: ARM v7 g++ linker
arm-none-eabi-g++ -mcpu=cortex-a9 -mfpu=vfpv3 -mfloat-abi=hard -Wl,-build-id=none -specs=Xilinx.spec -Wl,-T -Wl,../src/lscript.ld -L../../RTOS_CPP_NEURONAL_bsp/ps7_cortexa9_0/lib -o "RTOS_NEURONAL_MORETASKS_CPP.elf"  ./src/main.o   -Wl,--start-group,-lxil,-lfreertos,-lgcc,-lc,-lstdc++,--end-group
Finished building target: RTOS_NEURONAL_MORETASKS_CPP.elf
 
Invoking: ARM v7 Print Size
arm-none-eabi-size RTOS_NEURONAL_MORETASKS_CPP.elf  |tee "RTOS_NEURONAL_MORETASKS_CPP.elf.size"
   text	   data	    bss	    dec	    hex	filename
 839414	   3620	10565912	11408946	 ae1632	RTOS_NEURONAL_MORETASKS_CPP.elf
Finished building: RTOS_NEURONAL_MORETASKS_CPP.elf.size
 
12:31:42 **** Incremental Build of configuration Debug for project RTOS_NEURONAL_MORETASKS_CPP ****
make pre-build main-build 
a9-linaro-pre-build-step
 
make: Nothing to be done for 'main-build'.
12:32:09 **** Auto Build of configuration Debug for project RTOS_NEURONAL_MORETASKS_CPP ****
make pre-build main-build 
a9-linaro-pre-build-step
 
Building file: ../src/main.cc
Invoking: ARM v7 g++ compiler
arm-none-eabi-g++ -Wall -O0 -g3 -c -fmessage-length=0 -MT"src/main.o" -mcpu=cortex-a9 -mfpu=vfpv3 -mfloat-abi=hard -I../../RTOS_CPP_NEURONAL_bsp/ps7_cortexa9_0/include -MMD -MP -MF"src/main.d" -MT"src/main.o" -o "src/main.o" "../src/main.cc"
Finished building: ../src/main.cc
 
Building target: RTOS_NEURONAL_MORETASKS_CPP.elf
Invoking: ARM v7 g++ linker
arm-none-eabi-g++ -mcpu=cortex-a9 -mfpu=vfpv3 -mfloat-abi=hard -Wl,-build-id=none -specs=Xilinx.spec -Wl,-T -Wl,../src/lscript.ld -L../../RTOS_CPP_NEURONAL_bsp/ps7_cortexa9_0/lib -o "RTOS_NEURONAL_MORETASKS_CPP.elf"  ./src/main.o   -Wl,--start-group,-lxil,-lfreertos,-lgcc,-lc,-lstdc++,--end-group
Finished building target: RTOS_NEURONAL_MORETASKS_CPP.elf
 
Invoking: ARM v7 Print Size
arm-none-eabi-size RTOS_NEURONAL_MORETASKS_CPP.elf  |tee "RTOS_NEURONAL_MORETASKS_CPP.elf.size"
   text	   data	    bss	    dec	    hex	filename
 839414	   3620	10565912	11408946	 ae1632	RTOS_NEURONAL_MORETASKS_CPP.elf
Finished building: RTOS_NEURONAL_MORETASKS_CPP.elf.size
 
12:32:13 **** Incremental Build of configuration Debug for project RTOS_NEURONAL_MORETASKS_CPP ****
make pre-build main-build 
a9-linaro-pre-build-step
 
make: Nothing to be done for 'main-build'.
12:32:25 **** Incremental Build of configuration Debug for project RTOS_NEURONAL_MORETASKS_CPP ****
make pre-build main-build 
a9-linaro-pre-build-step
 
make: Nothing to be done for 'main-build'.
12:32:41 **** Auto Build of configuration Debug for project RTOS_NEURONAL_MORETASKS_CPP ****
make pre-build main-build 
a9-linaro-pre-build-step
 
Building file: ../src/main.cc
Invoking: ARM v7 g++ compiler
arm-none-eabi-g++ -Wall -O0 -g3 -c -fmessage-length=0 -MT"src/main.o" -mcpu=cortex-a9 -mfpu=vfpv3 -mfloat-abi=hard -I../../RTOS_CPP_NEURONAL_bsp/ps7_cortexa9_0/include -MMD -MP -MF"src/main.d" -MT"src/main.o" -o "src/main.o" "../src/main.cc"
Finished building: ../src/main.cc
 
Building target: RTOS_NEURONAL_MORETASKS_CPP.elf
Invoking: ARM v7 g++ linker
arm-none-eabi-g++ -mcpu=cortex-a9 -mfpu=vfpv3 -mfloat-abi=hard -Wl,-build-id=none -specs=Xilinx.spec -Wl,-T -Wl,../src/lscript.ld -L../../RTOS_CPP_NEURONAL_bsp/ps7_cortexa9_0/lib -o "RTOS_NEURONAL_MORETASKS_CPP.elf"  ./src/main.o   -Wl,--start-group,-lxil,-lfreertos,-lgcc,-lc,-lstdc++,--end-group
Finished building target: RTOS_NEURONAL_MORETASKS_CPP.elf
 
Invoking: ARM v7 Print Size
arm-none-eabi-size RTOS_NEURONAL_MORETASKS_CPP.elf  |tee "RTOS_NEURONAL_MORETASKS_CPP.elf.size"
   text	   data	    bss	    dec	    hex	filename
 839414	   3620	10565912	11408946	 ae1632	RTOS_NEURONAL_MORETASKS_CPP.elf
Finished building: RTOS_NEURONAL_MORETASKS_CPP.elf.size
 
12:32:44 **** Incremental Build of configuration Debug for project RTOS_NEURONAL_MORETASKS_CPP ****
make pre-build main-build 
a9-linaro-pre-build-step
 
make: Nothing to be done for 'main-build'.
12:33:01 **** Incremental Build of configuration Debug for project RTOS_NEURONAL_MORETASKS_CPP ****
make pre-build main-build 
a9-linaro-pre-build-step
 
make: Nothing to be done for 'main-build'.
12:49:12 **** Auto Build of configuration Debug for project RTOS_NEURONAL_MORETASKS_CPP ****
make pre-build main-build 
a9-linaro-pre-build-step
 
Building file: ../src/main.cc
Invoking: ARM v7 g++ compiler
arm-none-eabi-g++ -Wall -O0 -g3 -c -fmessage-length=0 -MT"src/main.o" -mcpu=cortex-a9 -mfpu=vfpv3 -mfloat-abi=hard -I../../RTOS_CPP_NEURONAL_bsp/ps7_cortexa9_0/include -MMD -MP -MF"src/main.d" -MT"src/main.o" -o "src/main.o" "../src/main.cc"
../src/main.cc: In function 'void _GapJuncitonTask_6(void*)':
../src/main.cc:347:9: warning: unused variable 'print_swfp' [-Wunused-variable]
   float print_swfp=((float)SW_compute_acc)/COUNTS_PER_SECOND*1000000;
         ^~~~~~~~~~
Finished building: ../src/main.cc
 
Building target: RTOS_NEURONAL_MORETASKS_CPP.elf
Invoking: ARM v7 g++ linker
arm-none-eabi-g++ -mcpu=cortex-a9 -mfpu=vfpv3 -mfloat-abi=hard -Wl,-build-id=none -specs=Xilinx.spec -Wl,-T -Wl,../src/lscript.ld -L../../RTOS_CPP_NEURONAL_bsp/ps7_cortexa9_0/lib -o "RTOS_NEURONAL_MORETASKS_CPP.elf"  ./src/main.o   -Wl,--start-group,-lxil,-lfreertos,-lgcc,-lc,-lstdc++,--end-group
Finished building target: RTOS_NEURONAL_MORETASKS_CPP.elf
 
Invoking: ARM v7 Print Size
arm-none-eabi-size RTOS_NEURONAL_MORETASKS_CPP.elf  |tee "RTOS_NEURONAL_MORETASKS_CPP.elf.size"
   text	   data	    bss	    dec	    hex	filename
 839266	   3620	10565912	11408798	 ae159e	RTOS_NEURONAL_MORETASKS_CPP.elf
Finished building: RTOS_NEURONAL_MORETASKS_CPP.elf.size
 
12:49:22 **** Incremental Build of configuration Debug for project RTOS_NEURONAL_MORETASKS_CPP ****
make pre-build main-build 
a9-linaro-pre-build-step
 
make: Nothing to be done for 'main-build'.
12:49:34 **** Incremental Build of configuration Debug for project RTOS_NEURONAL_MORETASKS_CPP ****
make pre-build main-build 
a9-linaro-pre-build-step
 
make: Nothing to be done for 'main-build'.
12:53:20 **** Incremental Build of configuration Debug for project RTOS_NEURONAL_MORETASKS_CPP ****
make pre-build main-build 
a9-linaro-pre-build-step
 
make: Nothing to be done for 'main-build'.
12:54:43 **** Auto Build of configuration Debug for project RTOS_NEURONAL_MORETASKS_CPP ****
make pre-build main-build 
a9-linaro-pre-build-step
 
Building file: ../src/main.cc
Invoking: ARM v7 g++ compiler
arm-none-eabi-g++ -Wall -O0 -g3 -c -fmessage-length=0 -MT"src/main.o" -mcpu=cortex-a9 -mfpu=vfpv3 -mfloat-abi=hard -I../../RTOS_CPP_NEURONAL_bsp/ps7_cortexa9_0/include -MMD -MP -MF"src/main.d" -MT"src/main.o" -o "src/main.o" "../src/main.cc"
../src/main.cc: In function 'void _GapJuncitonTask_6(void*)':
../src/main.cc:347:9: warning: unused variable 'print_swfp' [-Wunused-variable]
   float print_swfp=((float)SW_compute_acc)/COUNTS_PER_SECOND*1000000;
         ^~~~~~~~~~
Finished building: ../src/main.cc
 
Building target: RTOS_NEURONAL_MORETASKS_CPP.elf
Invoking: ARM v7 g++ linker
arm-none-eabi-g++ -mcpu=cortex-a9 -mfpu=vfpv3 -mfloat-abi=hard -Wl,-build-id=none -specs=Xilinx.spec -Wl,-T -Wl,../src/lscript.ld -L../../RTOS_CPP_NEURONAL_bsp/ps7_cortexa9_0/lib -o "RTOS_NEURONAL_MORETASKS_CPP.elf"  ./src/main.o   -Wl,--start-group,-lxil,-lfreertos,-lgcc,-lc,-lstdc++,--end-group
Finished building target: RTOS_NEURONAL_MORETASKS_CPP.elf
 
Invoking: ARM v7 Print Size
arm-none-eabi-size RTOS_NEURONAL_MORETASKS_CPP.elf  |tee "RTOS_NEURONAL_MORETASKS_CPP.elf.size"
   text	   data	    bss	    dec	    hex	filename
 839274	   3620	10565912	11408806	 ae15a6	RTOS_NEURONAL_MORETASKS_CPP.elf
Finished building: RTOS_NEURONAL_MORETASKS_CPP.elf.size
 
12:54:49 **** Incremental Build of configuration Debug for project RTOS_NEURONAL_MORETASKS_CPP ****
make pre-build main-build 
a9-linaro-pre-build-step
 
make: Nothing to be done for 'main-build'.
12:55:01 **** Incremental Build of configuration Debug for project RTOS_NEURONAL_MORETASKS_CPP ****
make pre-build main-build 
a9-linaro-pre-build-step
 
make: Nothing to be done for 'main-build'.
