11:45:15 **** Build of configuration Debug for project NEURONAL_CPP_RTOS_NOTASKS ****
make pre-build main-build 
a9-linaro-pre-build-step
 
Building file: ../src/main.cc
Invoking: ARM v7 g++ compiler
arm-none-eabi-g++ -Wall -O0 -g3 -c -fmessage-length=0 -MT"src/main.o" -mcpu=cortex-a9 -mfpu=vfpv3 -mfloat-abi=hard -I../../RTOS_CPP_NEURONAL_bsp/ps7_cortexa9_0/include -MMD -MP -MF"src/main.d" -MT"src/main.o" -o "src/main.o" "../src/main.cc"
../src/main.cc: In lambda function:
../src/main.cc:30:13: warning: unused variable 't' [-Wunused-variable]
   for(auto &t : times){
             ^
../src/main.cc: In function 'int main(int, char**)':
../src/main.cc:65:10: warning: unused variable 'avgElapsed' [-Wunused-variable]
     auto avgElapsed = average(times);
          ^~~~~~~~~~
../src/main.cc:66:10: warning: unused variable 'standardDeviation' [-Wunused-variable]
     auto standardDeviation = standard_deviation(times);
          ^~~~~~~~~~~~~~~~~
Finished building: ../src/main.cc
 
Building target: NEURONAL_CPP_RTOS_NOTASKS.elf
Invoking: ARM v7 g++ linker
arm-none-eabi-g++ -mcpu=cortex-a9 -mfpu=vfpv3 -mfloat-abi=hard -Wl,-build-id=none -specs=Xilinx.spec -Wl,-T -Wl,../src/lscript.ld -L../../RTOS_CPP_NEURONAL_bsp/ps7_cortexa9_0/lib -o "NEURONAL_CPP_RTOS_NOTASKS.elf"  ./src/main.o   -Wl,--start-group,-lxil,-lfreertos,-lgcc,-lc,-lstdc++,--end-group
Finished building target: NEURONAL_CPP_RTOS_NOTASKS.elf
 
Invoking: ARM v7 Print Size
arm-none-eabi-size NEURONAL_CPP_RTOS_NOTASKS.elf  |tee "NEURONAL_CPP_RTOS_NOTASKS.elf.size"
   text	   data	    bss	    dec	    hex	filename
 844405	   3616	 341896	1189917	 12281d	NEURONAL_CPP_RTOS_NOTASKS.elf
Finished building: NEURONAL_CPP_RTOS_NOTASKS.elf.size
 

11:45:17 Build Finished (took 2s.388ms)

