11:45:07 **** Build of configuration Debug for project NEURONAL_LINUX_SDK ****
make pre-build main-build 
a9-linaro-pre-build-step
 
Building file: ../src/main.cc
Invoking: ARM v7 g++ compiler
arm-none-eabi-g++ -Wall -O0 -g3 -c -fmessage-length=0 -MT"src/main.o" -mcpu=cortex-a9 -mfpu=vfpv3 -mfloat-abi=hard -I../../NEURONAL_LINUX_SDK_bsp/ps7_cortexa9_0/include -MMD -MP -MF"src/main.d" -MT"src/main.o" -o "src/main.o" "../src/main.cc"
In file included from ../src/main.cc:15:0:
../../NEURONAL_LINUX_SDK_bsp/ps7_cortexa9_0/include/xtime_l.h:87:70: note: #pragma message: For the sleep routines, Global timer is being used
 #pragma message ("For the sleep routines, Global timer is being used")
                                                                      ^
Finished building: ../src/main.cc
 
Building target: NEURONAL_LINUX_SDK.elf
Invoking: ARM v7 g++ linker
arm-none-eabi-g++ -mcpu=cortex-a9 -mfpu=vfpv3 -mfloat-abi=hard -Wl,-build-id=none -specs=Xilinx.spec -Wl,-T -Wl,../src/lscript.ld -L../../NEURONAL_LINUX_SDK_bsp/ps7_cortexa9_0/lib -o "NEURONAL_LINUX_SDK.elf"  ./src/main.o   -Wl,--start-group,-lxil,-lgcc,-lc,-lstdc++,--end-group
Finished building target: NEURONAL_LINUX_SDK.elf
 
Invoking: ARM v7 Print Size
arm-none-eabi-size NEURONAL_LINUX_SDK.elf  |tee "NEURONAL_LINUX_SDK.elf.size"
   text	   data	    bss	    dec	    hex	filename
 817988	   2832	4208336	5029156	 4cbd24	NEURONAL_LINUX_SDK.elf
Finished building: NEURONAL_LINUX_SDK.elf.size
 

11:45:09 Build Finished (took 2s.191ms)

