11:45:12 **** Build of configuration Debug for project NEURONAL_ONE_METHOD ****
make pre-build main-build 
a9-linaro-pre-build-step
 
Building file: ../src/main.cc
Invoking: ARM v7 g++ compiler
arm-none-eabi-g++ -Wall -O0 -g3 -c -fmessage-length=0 -MT"src/main.o" -mcpu=cortex-a9 -mfpu=vfpv3 -mfloat-abi=hard -I../../RTOS_CPP_NEURONAL_bsp/ps7_cortexa9_0/include -MMD -MP -MF"src/main.d" -MT"src/main.o" -o "src/main.o" "../src/main.cc"
Finished building: ../src/main.cc
 
Building target: NEURONAL_ONE_METHOD.elf
Invoking: ARM v7 g++ linker
arm-none-eabi-g++ -mcpu=cortex-a9 -mfpu=vfpv3 -mfloat-abi=hard -Wl,-build-id=none -specs=Xilinx.spec -Wl,-T -Wl,../src/lscript.ld -L../../RTOS_CPP_NEURONAL_bsp/ps7_cortexa9_0/lib -o "NEURONAL_ONE_METHOD.elf"  ./src/main.o   -Wl,--start-group,-lxil,-lfreertos,-lgcc,-lc,-lstdc++,--end-group
Finished building target: NEURONAL_ONE_METHOD.elf
 
Invoking: ARM v7 Print Size
arm-none-eabi-size NEURONAL_ONE_METHOD.elf  |tee "NEURONAL_ONE_METHOD.elf.size"
   text	   data	    bss	    dec	    hex	filename
 843400	   3624	4274416	5121440	 4e25a0	NEURONAL_ONE_METHOD.elf
Finished building: NEURONAL_ONE_METHOD.elf.size
 

11:45:15 Build Finished (took 2s.277ms)

