11:45:18 **** Build of configuration Debug for project RTOS_HElloworld ****
make pre-build main-build 
a9-linaro-pre-build-step
 
Building file: ../src/freertos_hello_world.c
Invoking: ARM v7 gcc compiler
arm-none-eabi-gcc -Wall -O0 -g3 -c -fmessage-length=0 -MT"src/freertos_hello_world.o" -mcpu=cortex-a9 -mfpu=vfpv3 -mfloat-abi=hard -I../../RTOS_CPP_NEURONAL_bsp/ps7_cortexa9_0/include -MMD -MP -MF"src/freertos_hello_world.d" -MT"src/freertos_hello_world.o" -o "src/freertos_hello_world.o" "../src/freertos_hello_world.c"
Finished building: ../src/freertos_hello_world.c
 
Building target: RTOS_HElloworld.elf
Invoking: ARM v7 gcc linker
arm-none-eabi-gcc -mcpu=cortex-a9 -mfpu=vfpv3 -mfloat-abi=hard -Wl,-build-id=none -specs=Xilinx.spec -Wl,-T -Wl,../src/lscript.ld -L../../RTOS_CPP_NEURONAL_bsp/ps7_cortexa9_0/lib -o "RTOS_HElloworld.elf"  ./src/freertos_hello_world.o   -Wl,--start-group,-lxil,-lfreertos,-lgcc,-lc,--end-group
Finished building target: RTOS_HElloworld.elf
 
Invoking: ARM v7 Print Size
arm-none-eabi-size RTOS_HElloworld.elf  |tee "RTOS_HElloworld.elf.size"
   text	   data	    bss	    dec	    hex	filename
  89688	   3380	  89424	 182492	  2c8dc	RTOS_HElloworld.elf
Finished building: RTOS_HElloworld.elf.size
 

11:45:18 Build Finished (took 617ms)

